Archive member included to satisfy reference by file (symbol)

D:/KhanhTV6/installer/Stm32_cube_mx/STM32CubeIDE_1.17.0/STM32CubeIDE/plugins/com.st.stm32cube.ide.mcu.externaltools.gnu-tools-for-stm32.12.3.rel1.win32_1.1.0.202410251130/tools/bin/../lib/gcc/arm-none-eabi/12.3.1/../../../../arm-none-eabi/lib/thumb/v7-m/nofp\libc_nano.a(libc_a-exit.o)
                              D:/KhanhTV6/installer/Stm32_cube_mx/STM32CubeIDE_1.17.0/STM32CubeIDE/plugins/com.st.stm32cube.ide.mcu.externaltools.gnu-tools-for-stm32.12.3.rel1.win32_1.1.0.202410251130/tools/bin/../lib/gcc/arm-none-eabi/12.3.1/../../../../arm-none-eabi/lib/thumb/v7-m/nofp/crt0.o (exit)
D:/KhanhTV6/installer/Stm32_cube_mx/STM32CubeIDE_1.17.0/STM32CubeIDE/plugins/com.st.stm32cube.ide.mcu.externaltools.gnu-tools-for-stm32.12.3.rel1.win32_1.1.0.202410251130/tools/bin/../lib/gcc/arm-none-eabi/12.3.1/../../../../arm-none-eabi/lib/thumb/v7-m/nofp\libc_nano.a(libc_a-findfp.o)
                              D:/KhanhTV6/installer/Stm32_cube_mx/STM32CubeIDE_1.17.0/STM32CubeIDE/plugins/com.st.stm32cube.ide.mcu.externaltools.gnu-tools-for-stm32.12.3.rel1.win32_1.1.0.202410251130/tools/bin/../lib/gcc/arm-none-eabi/12.3.1/../../../../arm-none-eabi/lib/thumb/v7-m/nofp\libc_nano.a(libc_a-exit.o) (__stdio_exit_handler)
D:/KhanhTV6/installer/Stm32_cube_mx/STM32CubeIDE_1.17.0/STM32CubeIDE/plugins/com.st.stm32cube.ide.mcu.externaltools.gnu-tools-for-stm32.12.3.rel1.win32_1.1.0.202410251130/tools/bin/../lib/gcc/arm-none-eabi/12.3.1/../../../../arm-none-eabi/lib/thumb/v7-m/nofp\libc_nano.a(libc_a-fwalk.o)
                              D:/KhanhTV6/installer/Stm32_cube_mx/STM32CubeIDE_1.17.0/STM32CubeIDE/plugins/com.st.stm32cube.ide.mcu.externaltools.gnu-tools-for-stm32.12.3.rel1.win32_1.1.0.202410251130/tools/bin/../lib/gcc/arm-none-eabi/12.3.1/../../../../arm-none-eabi/lib/thumb/v7-m/nofp\libc_nano.a(libc_a-findfp.o) (_fwalk_sglue)
D:/KhanhTV6/installer/Stm32_cube_mx/STM32CubeIDE_1.17.0/STM32CubeIDE/plugins/com.st.stm32cube.ide.mcu.externaltools.gnu-tools-for-stm32.12.3.rel1.win32_1.1.0.202410251130/tools/bin/../lib/gcc/arm-none-eabi/12.3.1/../../../../arm-none-eabi/lib/thumb/v7-m/nofp\libc_nano.a(libc_a-sprintf.o)
                              ./App/RTC/RTC.o (sprintf)
D:/KhanhTV6/installer/Stm32_cube_mx/STM32CubeIDE_1.17.0/STM32CubeIDE/plugins/com.st.stm32cube.ide.mcu.externaltools.gnu-tools-for-stm32.12.3.rel1.win32_1.1.0.202410251130/tools/bin/../lib/gcc/arm-none-eabi/12.3.1/../../../../arm-none-eabi/lib/thumb/v7-m/nofp\libc_nano.a(libc_a-stdio.o)
                              D:/KhanhTV6/installer/Stm32_cube_mx/STM32CubeIDE_1.17.0/STM32CubeIDE/plugins/com.st.stm32cube.ide.mcu.externaltools.gnu-tools-for-stm32.12.3.rel1.win32_1.1.0.202410251130/tools/bin/../lib/gcc/arm-none-eabi/12.3.1/../../../../arm-none-eabi/lib/thumb/v7-m/nofp\libc_nano.a(libc_a-findfp.o) (__sread)
D:/KhanhTV6/installer/Stm32_cube_mx/STM32CubeIDE_1.17.0/STM32CubeIDE/plugins/com.st.stm32cube.ide.mcu.externaltools.gnu-tools-for-stm32.12.3.rel1.win32_1.1.0.202410251130/tools/bin/../lib/gcc/arm-none-eabi/12.3.1/../../../../arm-none-eabi/lib/thumb/v7-m/nofp\libc_nano.a(libc_a-memset.o)
                              D:/KhanhTV6/installer/Stm32_cube_mx/STM32CubeIDE_1.17.0/STM32CubeIDE/plugins/com.st.stm32cube.ide.mcu.externaltools.gnu-tools-for-stm32.12.3.rel1.win32_1.1.0.202410251130/tools/bin/../lib/gcc/arm-none-eabi/12.3.1/../../../../arm-none-eabi/lib/thumb/v7-m/nofp/crt0.o (memset)
D:/KhanhTV6/installer/Stm32_cube_mx/STM32CubeIDE_1.17.0/STM32CubeIDE/plugins/com.st.stm32cube.ide.mcu.externaltools.gnu-tools-for-stm32.12.3.rel1.win32_1.1.0.202410251130/tools/bin/../lib/gcc/arm-none-eabi/12.3.1/../../../../arm-none-eabi/lib/thumb/v7-m/nofp\libc_nano.a(libc_a-closer.o)
                              D:/KhanhTV6/installer/Stm32_cube_mx/STM32CubeIDE_1.17.0/STM32CubeIDE/plugins/com.st.stm32cube.ide.mcu.externaltools.gnu-tools-for-stm32.12.3.rel1.win32_1.1.0.202410251130/tools/bin/../lib/gcc/arm-none-eabi/12.3.1/../../../../arm-none-eabi/lib/thumb/v7-m/nofp\libc_nano.a(libc_a-stdio.o) (_close_r)
D:/KhanhTV6/installer/Stm32_cube_mx/STM32CubeIDE_1.17.0/STM32CubeIDE/plugins/com.st.stm32cube.ide.mcu.externaltools.gnu-tools-for-stm32.12.3.rel1.win32_1.1.0.202410251130/tools/bin/../lib/gcc/arm-none-eabi/12.3.1/../../../../arm-none-eabi/lib/thumb/v7-m/nofp\libc_nano.a(libc_a-reent.o)
                              D:/KhanhTV6/installer/Stm32_cube_mx/STM32CubeIDE_1.17.0/STM32CubeIDE/plugins/com.st.stm32cube.ide.mcu.externaltools.gnu-tools-for-stm32.12.3.rel1.win32_1.1.0.202410251130/tools/bin/../lib/gcc/arm-none-eabi/12.3.1/../../../../arm-none-eabi/lib/thumb/v7-m/nofp\libc_nano.a(libc_a-closer.o) (errno)
D:/KhanhTV6/installer/Stm32_cube_mx/STM32CubeIDE_1.17.0/STM32CubeIDE/plugins/com.st.stm32cube.ide.mcu.externaltools.gnu-tools-for-stm32.12.3.rel1.win32_1.1.0.202410251130/tools/bin/../lib/gcc/arm-none-eabi/12.3.1/../../../../arm-none-eabi/lib/thumb/v7-m/nofp\libc_nano.a(libc_a-impure.o)
[...]
Memory Configuration

Name             Origin             Length             Attributes
RAM              0x20000000         0x00002800         xrw
FLASH            0x08000000         0x00008000         xr
*default*        0x00000000         0xffffffff

Linker script and memory map

LOAD D:/KhanhTV6/installer/Stm32_cube_mx/STM32CubeIDE_1.17.0/STM32CubeIDE/plugins/com.st.stm32cube.ide.mcu.externaltools.gnu-tools-for-stm32.12.3.rel1.win32_1.1.0.202410251130/tools/bin/../lib/gcc/arm-none-eabi/12.3.1/thumb/v7-m/nofp/crti.o
LOAD D:/KhanhTV6/installer/Stm32_cube_mx/STM32CubeIDE_1.17.0/STM32CubeIDE/plugins/com.st.stm32cube.ide.mcu.externaltools.gnu-tools-for-stm32.12.3.rel1.win32_1.1.0.202410251130/tools/bin/../lib/gcc/arm-none-eabi/12.3.1/thumb/v7-m/nofp/crtbegin.o
LOAD D:/KhanhTV6/installer/Stm32_cube_mx/STM32CubeIDE_1.17.0/STM32CubeIDE/plugins/com.st.stm32cube.ide.mcu.externaltools.gnu-tools-for-stm32.12.3.rel1.win32_1.1.0.202410251130/tools/bin/../lib/gcc/arm-none-eabi/12.3.1/../../../../arm-none-eabi/lib/thumb/v7-m/nofp/crt0.o
LOAD ./App/LCD/app.o
LOAD ./App/RTC/RTC.o
LOAD ./Drivers/src/misc.o
LOAD ./Drivers/src/stm32f10x_dma.o
LOAD ./Drivers/src/stm32f10x_gpio.o
LOAD ./Drivers/src/stm32f10x_i2c.o
LOAD ./Drivers/src/stm32f10x_rcc.o
LOAD ./Interrupt/stm32f10x_it.o
LOAD ./Midderware/src/Dma_midderware.o
LOAD ./Midderware/src/Gpio_midderware.o
LOAD ./Midderware/src/I2c_Lcd.o
LOAD ./Midderware/src/I2c_dma_midderware.o
LOAD ./Midderware/src/Nvic_midderware.o
LOAD ./Midderware/src/RTC_Ds1307.o
LOAD ./Src/core_cm3.o
LOAD ./Src/main.o
LOAD ./Src/syscalls.o
LOAD ./Src/sysmem.o
LOAD ./Src/system_stm32f10x.o
LOAD ./Startup/startup_stm32f103c8tx.o
START GROUP
LOAD D:/KhanhTV6/installer/Stm32_cube_mx/STM32CubeIDE_1.17.0/STM32CubeIDE/plugins/com.st.stm32cube.ide.mcu.externaltools.gnu-tools-for-stm32.12.3.rel1.win32_1.1.0.202410251130/tools/bin/../lib/gcc/arm-none-eabi/12.3.1/../../../../arm-none-eabi/lib/thumb/v7-m/nofp\libc_nano.a
LOAD D:/KhanhTV6/installer/Stm32_cube_mx/STM32CubeIDE_1.17.0/STM32CubeIDE/plugins/com.st.stm32cube.ide.mcu.externaltools.gnu-tools-for-stm32.12.3.rel1.win32_1.1.0.202410251130/tools/bin/../lib/gcc/arm-none-eabi/12.3.1/../../../../arm-none-eabi/lib/thumb/v7-m/nofp\libm.a
END GROUP
START GROUP
LOAD D:/KhanhTV6/installer/Stm32_cube_mx/STM32CubeIDE_1.17.0/STM32CubeIDE/plugins/com.st.stm32cube.ide.mcu.externaltools.gnu-tools-for-stm32.12.3.rel1.win32_1.1.0.202410251130/tools/bin/../lib/gcc/arm-none-eabi/12.3.1/thumb/v7-m/nofp\libgcc.a
LOAD D:/KhanhTV6/installer/Stm32_cube_mx/STM32CubeIDE_1.17.0/STM32CubeIDE/plugins/com.st.stm32cube.ide.mcu.externaltools.gnu-tools-for-stm32.12.3.rel1.win32_1.1.0.202410251130/tools/bin/../lib/gcc/arm-none-eabi/12.3.1/../../../../arm-none-eabi/lib/thumb/v7-m/nofp\libc_nano.a
END GROUP
START GROUP
LOAD D:/KhanhTV6/installer/Stm32_cube_mx/STM32CubeIDE_1.17.0/STM32CubeIDE/plugins/com.st.stm32cube.ide.mcu.externaltools.gnu-tools-for-stm32.12.3.rel1.win32_1.1.0.202410251130/tools/bin/../lib/gcc/arm-none-eabi/12.3.1/thumb/v7-m/nofp\libgcc.a
LOAD D:/KhanhTV6/installer/Stm32_cube_mx/STM32CubeIDE_1.17.0/STM32CubeIDE/plugins/com.st.stm32cube.ide.mcu.externaltools.gnu-tools-for-stm32.12.3.rel1.win32_1.1.0.202410251130/tools/bin/../lib/gcc/arm-none-eabi/12.3.1/../../../../arm-none-eabi/lib/thumb/v7-m/nofp\libc_nano.a
LOAD D:/KhanhTV6/installer/Stm32_cube_mx/STM32CubeIDE_1.17.0/STM32CubeIDE/plugins/com.st.stm32cube.ide.mcu.externaltools.gnu-tools-for-stm32.12.3.rel1.win32_1.1.0.202410251130/tools/bin/../lib/gcc/arm-none-eabi/12.3.1/../../../../arm-none-eabi/lib/thumb/v7-m/nofp\libnosys.a
END GROUP
START GROUP
LOAD D:/KhanhTV6/installer/Stm32_cube_mx/STM32CubeIDE_1.17.0/STM32CubeIDE/plugins/com.st.stm32cube.ide.mcu.externaltools.gnu-tools-for-stm32.12.3.rel1.win32_1.1.0.202410251130/tools/bin/../lib/gcc/arm-none-eabi/12.3.1/thumb/v7-m/nofp\libgcc.a
LOAD D:/KhanhTV6/installer/Stm32_cube_mx/STM32CubeIDE_1.17.0/STM32CubeIDE/plugins/com.st.stm32cube.ide.mcu.externaltools.gnu-tools-for-stm32.12.3.rel1.win32_1.1.0.202410251130/tools/bin/../lib/gcc/arm-none-eabi/12.3.1/../../../../arm-none-eabi/lib/thumb/v7-m/nofp\libc_nano.a
LOAD D:/KhanhTV6/installer/Stm32_cube_mx/STM32CubeIDE_1.17.0/STM32CubeIDE/plugins/com.st.stm32cube.ide.mcu.externaltools.gnu-tools-for-stm32.12.3.rel1.win32_1.1.0.202410251130/tools/bin/../lib/gcc/arm-none-eabi/12.3.1/../../../../arm-none-eabi/lib/thumb/v7-m/nofp\libnosys.a
END GROUP
LOAD D:/KhanhTV6/installer/Stm32_cube_mx/STM32CubeIDE_1.17.0/STM32CubeIDE/plugins/com.st.stm32cube.ide.mcu.externaltools.gnu-tools-for-stm32.12.3.rel1.win32_1.1.0.202410251130/tools/bin/../lib/gcc/arm-none-eabi/12.3.1/thumb/v7-m/nofp/crtend.o
LOAD D:/KhanhTV6/installer/Stm32_cube_mx/STM32CubeIDE_1.17.0/STM32CubeIDE/plugins/com.st.stm32cube.ide.mcu.externaltools.gnu-tools-for-stm32.12.3.rel1.win32_1.1.0.202410251130/tools/bin/../lib/gcc/arm-none-eabi/12.3.1/thumb/v7-m/nofp/crtn.o
                0x20002800                        _estack = (ORIGIN (RAM) + LENGTH (RAM))
                0x00000200                        _Min_Heap_Size = 0x200
                0x00000400                        _Min_Stack_Size = 0x400

.isr_vector     0x08000000      0x130
                0x08000000                        . = ALIGN (0x4)
 *(.isr_vector)
 .isr_vector    0x08000000      0x130 ./Startup/startup_stm32f103c8tx.o
                0x08000000                g_pfnVectors
                0x08000130                        . = ALIGN (0x4)

.text           0x08000130     0x2830
                0x08000130                        . = ALIGN (0x4)
 *(.text)
 .text          0x08000130       0x40 D:/KhanhTV6/installer/Stm32_cube_mx/STM32CubeIDE_1.17.0/STM32CubeIDE/plugins/com.st.stm32cube.ide.mcu.externaltools.gnu-tools-for-stm32.12.3.rel1.win32_1.1.0.202410251130/tools/bin/../lib/gcc/arm-none-eabi/12.3.1/thumb/v7-m/nofp/crtbegin.o
 *(.text*)
 .text.NVIC_SetPriority
                0x08000170       0x54 ./App/LCD/app.o
 .text.SysTick_Config
                0x080001c4       0x44 ./App/LCD/app.o
 .text.Init_LCD
                0x08000208       0x34 ./App/LCD/app.o
                0x08000208                Init_LCD
 .text.RTC_Init
                0x0800023c       0x68 ./App/RTC/RTC.o
                0x0800023c                RTC_Init
 .text.GetValueDisplay_RTC
                0x080002a4      0x110 ./App/RTC/RTC.o
                0x080002a4                GetValueDisplay_RTC
 .text.NVIC_Init
                0x080003b4       0xc4 ./Drivers/src/misc.o
                0x080003b4                NVIC_Init
 .text.DMA_DeInit
                0x08000478      0x178 ./Drivers/src/stm32f10x_dma.o
                0x08000478                DMA_DeInit
 .text.DMA_Init
                0x080005f0       0x7c ./Drivers/src/stm32f10x_dma.o
                0x080005f0                DMA_Init
 .text.DMA_Cmd  0x0800066c       0x38 ./Drivers/src/stm32f10x_dma.o
                0x0800066c                DMA_Cmd
 .text.DMA_ITConfig
                0x080006a4       0x3a ./Drivers/src/stm32f10x_dma.o
                0x080006a4                DMA_ITConfig
 *fill*         0x080006de        0x2 
 .text.DMA_GetFlagStatus
                0x080006e0       0x50 ./Drivers/src/stm32f10x_dma.o
                0x080006e0                DMA_GetFlagStatus
 .text.DMA_ClearFlag
                0x08000730       0x34 ./Drivers/src/stm32f10x_dma.o
                0x08000730                DMA_ClearFlag
 .text.GPIO_Init
                0x08000764      0x178 ./Drivers/src/stm32f10x_gpio.o
                0x08000764                GPIO_Init
 .text.GPIO_SetBits
                0x080008dc       0x1c ./Drivers/src/stm32f10x_gpio.o
                0x080008dc                GPIO_SetBits
 .text.GPIO_ResetBits
                0x080008f8       0x1c ./Drivers/src/stm32f10x_gpio.o
                0x080008f8                GPIO_ResetBits
 .text.I2C_Init
                0x08000914      0x184 ./Drivers/src/stm32f10x_i2c.o
                0x08000914                I2C_Init
 .text.I2C_Cmd  0x08000a98       0x3e ./Drivers/src/stm32f10x_i2c.o
                0x08000a98                I2C_Cmd
 .text.I2C_DMACmd
                0x08000ad6       0x3e ./Drivers/src/stm32f10x_i2c.o
                0x08000ad6                I2C_DMACmd
 .text.I2C_DMALastTransferCmd
                0x08000b14       0x3e ./Drivers/src/stm32f10x_i2c.o
                0x08000b14                I2C_DMALastTransferCmd
 .text.I2C_GenerateSTART
                0x08000b52       0x3e ./Drivers/src/stm32f10x_i2c.o
                0x08000b52                I2C_GenerateSTART
 .text.I2C_GenerateSTOP
                0x08000b90       0x3e ./Drivers/src/stm32f10x_i2c.o
                0x08000b90                I2C_GenerateSTOP
 .text.I2C_AcknowledgeConfig
                0x08000bce       0x3e ./Drivers/src/stm32f10x_i2c.o
                0x08000bce                I2C_AcknowledgeConfig
 .text.I2C_SendData
                0x08000c0c       0x1e ./Drivers/src/stm32f10x_i2c.o
                0x08000c0c                I2C_SendData
 .text.I2C_ReceiveData
                0x08000c2a       0x1a ./Drivers/src/stm32f10x_i2c.o
                0x08000c2a                I2C_ReceiveData
 .text.I2C_Send7bitAddress
                0x08000c44       0x3a ./Drivers/src/stm32f10x_i2c.o
                0x08000c44                I2C_Send7bitAddress
 .text.I2C_CheckEvent
                0x08000c7e       0x5e ./Drivers/src/stm32f10x_i2c.o
                0x08000c7e                I2C_CheckEvent
 .text.I2C_GetFlagStatus
                0x08000cdc       0x64 ./Drivers/src/stm32f10x_i2c.o
                0x08000cdc                I2C_GetFlagStatus
 .text.I2C_ClearFlag
                0x08000d40       0x2c ./Drivers/src/stm32f10x_i2c.o
                0x08000d40                I2C_ClearFlag
 .text.RCC_HCLKConfig
                0x08000d6c       0x38 ./Drivers/src/stm32f10x_rcc.o
                0x08000d6c                RCC_HCLKConfig
 .text.RCC_PCLK1Config
                0x08000da4       0x38 ./Drivers/src/stm32f10x_rcc.o
                0x08000da4                RCC_PCLK1Config
 .text.RCC_GetClocksFreq
                0x08000ddc      0x16c ./Drivers/src/stm32f10x_rcc.o
                0x08000ddc                RCC_GetClocksFreq
 .text.RCC_AHBPeriphClockCmd
                0x08000f48       0x3c ./Drivers/src/stm32f10x_rcc.o
                0x08000f48                RCC_AHBPeriphClockCmd
 .text.RCC_APB2PeriphClockCmd
                0x08000f84       0x3c ./Drivers/src/stm32f10x_rcc.o
                0x08000f84                RCC_APB2PeriphClockCmd
 .text.RCC_APB1PeriphClockCmd
                0x08000fc0       0x3c ./Drivers/src/stm32f10x_rcc.o
                0x08000fc0                RCC_APB1PeriphClockCmd
 .text.NMI_Handler
                0x08000ffc        0xc ./Interrupt/stm32f10x_it.o
                0x08000ffc                NMI_Handler
 .text.HardFault_Handler
                0x08001008        0x8 ./Interrupt/stm32f10x_it.o
                0x08001008                HardFault_Handler
 .text.MemManage_Handler
                0x08001010        0x8 ./Interrupt/stm32f10x_it.o
                0x08001010                MemManage_Handler
 .text.BusFault_Handler
                0x08001018        0x8 ./Interrupt/stm32f10x_it.o
                0x08001018                BusFault_Handler
 .text.UsageFault_Handler
                0x08001020        0x8 ./Interrupt/stm32f10x_it.o
                0x08001020                UsageFault_Handler
 .text.SVC_Handler
                0x08001028        0xc ./Interrupt/stm32f10x_it.o
                0x08001028                SVC_Handler
 .text.DebugMon_Handler
                0x08001034        0xc ./Interrupt/stm32f10x_it.o
                0x08001034                DebugMon_Handler
 .text.PendSV_Handler
                0x08001040        0xc ./Interrupt/stm32f10x_it.o
                0x08001040                PendSV_Handler
 .text.SysTick_Handler
                0x0800104c        0xc ./Interrupt/stm32f10x_it.o
                0x0800104c                SysTick_Handler
 .text.USART1_IRQHandler
                0x08001058        0xc ./Interrupt/stm32f10x_it.o
                0x08001058                USART1_IRQHandler
 .text.USART2_IRQHandler
                0x08001064        0xc ./Interrupt/stm32f10x_it.o
                0x08001064                USART2_IRQHandler
 .text.DMA1_Channel6_IRQHandler
                0x08001070       0x80 ./Interrupt/stm32f10x_it.o
                0x08001070                DMA1_Channel6_IRQHandler
 .text.DMA1_Channel7_IRQHandler
                0x080010f0       0x44 ./Interrupt/stm32f10x_it.o
                0x080010f0                DMA1_Channel7_IRQHandler
 .text.LowLevel_DMAConfig
                0x08001134       0x5c ./Midderware/src/Dma_midderware.o
                0x08001134                LowLevel_DMAConfig
 .text.DMA_I2C_Init
                0x08001190       0x90 ./Midderware/src/Dma_midderware.o
                0x08001190                DMA_I2C_Init
 .text.GPIO_I2C_Init
                0x08001220       0x3c ./Midderware/src/Gpio_midderware.o
                0x08001220                GPIO_I2C_Init
 .text.I2C_BusRecovery
                0x0800125c       0x8c ./Midderware/src/Gpio_midderware.o
 .text.lcd_send_cmd
                0x080012e8       0x5c ./Midderware/src/I2c_Lcd.o
                0x080012e8                lcd_send_cmd
 .text.lcd_send_data
                0x08001344       0x60 ./Midderware/src/I2c_Lcd.o
                0x08001344                lcd_send_data
 .text.lcd_gotoxy
                0x080013a4       0x64 ./Midderware/src/I2c_Lcd.o
                0x080013a4                lcd_gotoxy
 .text.lcd_init
                0x08001408       0x7a ./Midderware/src/I2c_Lcd.o
                0x08001408                lcd_init
 .text.lcd_puts
                0x08001482       0x2a ./Midderware/src/I2c_Lcd.o
                0x08001482                lcd_puts
 .text.Delay    0x080014ac       0x28 ./Midderware/src/I2c_Lcd.o
                0x080014ac                Delay
 .text.TimingDelay_Decrement
                0x080014d4       0x24 ./Midderware/src/I2c_Lcd.o
                0x080014d4                TimingDelay_Decrement
 .text.__enable_irq
                0x080014f8        0xe ./Midderware/src/I2c_dma_midderware.o
 .text.__disable_irq
                0x08001506        0xe ./Midderware/src/I2c_dma_midderware.o
 .text.I2C_DMA_LowLevel_Init
                0x08001514       0x3a ./Midderware/src/I2c_dma_midderware.o
 *fill*         0x0800154e        0x2 
 .text.I2c_Midderware_Init
                0x08001550       0x60 ./Midderware/src/I2c_dma_midderware.o
                0x08001550                I2c_Midderware_Init
 .text.I2C_write
                0x080015b0      0x100 ./Midderware/src/I2c_dma_midderware.o
                0x080015b0                I2C_write
 .text.I2C_Read
                0x080016b0      0x2c8 ./Midderware/src/I2c_dma_midderware.o
                0x080016b0                I2C_Read
 .text.TIMEOUT_UserCallback
                0x08001978        0x8 ./Midderware/src/I2c_dma_midderware.o
                0x08001978                TIMEOUT_UserCallback
 .text.Nvic_I2C_DMA
                0x08001980       0x3a ./Midderware/src/Nvic_midderware.o
                0x08001980                Nvic_I2C_DMA
 *fill*         0x080019ba        0x2 
 .text.DS1307_Init
                0x080019bc       0x20 ./Midderware/src/RTC_Ds1307.o
                0x080019bc                DS1307_Init
 .text.DS1307_SetClockHalt
                0x080019dc       0x42 ./Midderware/src/RTC_Ds1307.o
                0x080019dc                DS1307_SetClockHalt
 .text.DS1307_GetClockHalt
                0x08001a1e       0x1a ./Midderware/src/RTC_Ds1307.o
                0x08001a1e                DS1307_GetClockHalt
 .text.DS1307_SetRegByte
                0x08001a38       0x3c ./Midderware/src/RTC_Ds1307.o
                0x08001a38                DS1307_SetRegByte
 .text.DS1307_GetRegByte
                0x08001a74       0x2c ./Midderware/src/RTC_Ds1307.o
                0x08001a74                DS1307_GetRegByte
 .text.DS1307_GetDayOfWeek
                0x08001aa0       0x18 ./Midderware/src/RTC_Ds1307.o
                0x08001aa0                DS1307_GetDayOfWeek
 .text.DS1307_GetDate
                0x08001ab8       0x18 ./Midderware/src/RTC_Ds1307.o
                0x08001ab8                DS1307_GetDate
 .text.DS1307_GetMonth
                0x08001ad0       0x18 ./Midderware/src/RTC_Ds1307.o
                0x08001ad0                DS1307_GetMonth
 .text.DS1307_GetYear
                0x08001ae8       0x42 ./Midderware/src/RTC_Ds1307.o
                0x08001ae8                DS1307_GetYear
 .text.DS1307_GetHour
                0x08001b2a       0x1e ./Midderware/src/RTC_Ds1307.o
                0x08001b2a                DS1307_GetHour
 .text.DS1307_GetMinute
                0x08001b48       0x18 ./Midderware/src/RTC_Ds1307.o
                0x08001b48                DS1307_GetMinute
 .text.DS1307_GetSecond
                0x08001b60       0x1e ./Midderware/src/RTC_Ds1307.o
                0x08001b60                DS1307_GetSecond
 .text.DS1307_GetTimeZoneHour
                0x08001b7e       0x12 ./Midderware/src/RTC_Ds1307.o
                0x08001b7e                DS1307_GetTimeZoneHour
 .text.DS1307_GetTimeZoneMin
                0x08001b90       0x10 ./Midderware/src/RTC_Ds1307.o
                0x08001b90                DS1307_GetTimeZoneMin
 .text.DS1307_SetDayOfWeek
                0x08001ba0       0x24 ./Midderware/src/RTC_Ds1307.o
                0x08001ba0                DS1307_SetDayOfWeek
 .text.DS1307_SetDate
                0x08001bc4       0x24 ./Midderware/src/RTC_Ds1307.o
                0x08001bc4                DS1307_SetDate
 .text.DS1307_SetMonth
                0x08001be8       0x24 ./Midderware/src/RTC_Ds1307.o
                0x08001be8                DS1307_SetMonth
 .text.DS1307_SetYear
                0x08001c0c       0x54 ./Midderware/src/RTC_Ds1307.o
                0x08001c0c                DS1307_SetYear
 .text.DS1307_SetHour
                0x08001c60       0x2a ./Midderware/src/RTC_Ds1307.o
                0x08001c60                DS1307_SetHour
 .text.DS1307_SetMinute
                0x08001c8a       0x24 ./Midderware/src/RTC_Ds1307.o
                0x08001c8a                DS1307_SetMinute
 .text.DS1307_SetSecond
                0x08001cae       0x32 ./Midderware/src/RTC_Ds1307.o
                0x08001cae                DS1307_SetSecond
 .text.DS1307_SetTimeZone
                0x08001ce0       0x2c ./Midderware/src/RTC_Ds1307.o
                0x08001ce0                DS1307_SetTimeZone
 .text.DS1307_DecodeBCD
                0x08001d0c       0x30 ./Midderware/src/RTC_Ds1307.o
                0x08001d0c                DS1307_DecodeBCD
 .text.DS1307_EncodeBCD
                0x08001d3c       0x44 ./Midderware/src/RTC_Ds1307.o
                0x08001d3c                DS1307_EncodeBCD
 .text.main     0x08001d80       0x44 ./Src/main.o
                0x08001d80                main
 .text._sbrk    0x08001dc4       0x6c ./Src/sysmem.o
                0x08001dc4                _sbrk
 .text.SystemInit
                0x08001e30       0x68 ./Src/system_stm32f10x.o
                0x08001e30                SystemInit
 .text.SetSysClock
                0x08001e98        0xc ./Src/system_stm32f10x.o
 .text.SetSysClockTo72
                0x08001ea4      0x100 ./Src/system_stm32f10x.o
 .text.Reset_Handler
                0x08001fa4       0x50 ./Startup/startup_stm32f103c8tx.o
                0x08001fa4                Reset_Handler
 .text.Default_Handler
                0x08001ff4        0x2 ./Startup/startup_stm32f103c8tx.o
                0x08001ff4                EXTI2_IRQHandler
                0x08001ff4                TIM8_TRG_COM_IRQHandler
                0x08001ff4                TIM8_CC_IRQHandler
                0x08001ff4                TIM1_CC_IRQHandler
                0x08001ff4                TIM6_IRQHandler
                0x08001ff4                PVD_IRQHandler
                0x08001ff4                SDIO_IRQHandler
                0x08001ff4                EXTI3_IRQHandler
                0x08001ff4                USB_HP_CAN_TX_IRQHandler
                0x08001ff4                EXTI0_IRQHandler
                0x08001ff4                I2C2_EV_IRQHandler
                0x08001ff4                ADC1_2_IRQHandler
                0x08001ff4                SPI1_IRQHandler
                0x08001ff4                CAN_SCE_IRQHandler
                0x08001ff4                TAMPER_IRQHandler
                0x08001ff4                TIM8_UP_IRQHandler
                0x08001ff4                DMA2_Channel2_IRQHandler
                0x08001ff4                DMA1_Channel4_IRQHandler
                0x08001ff4                USART3_IRQHandler
                0x08001ff4                RTC_IRQHandler
                0x08001ff4                UART5_IRQHandler
                0x08001ff4                ADC3_IRQHandler
                0x08001ff4                TIM4_IRQHandler
                0x08001ff4                CAN_RX1_IRQHandler
                0x08001ff4                DMA2_Channel1_IRQHandler
                0x08001ff4                I2C1_EV_IRQHandler
                0x08001ff4                UART4_IRQHandler
                0x08001ff4                TIM3_IRQHandler
                0x08001ff4                RCC_IRQHandler
                0x08001ff4                TIM1_TRG_COM_IRQHandler
                0x08001ff4                DMA1_Channel1_IRQHandler
                0x08001ff4                Default_Handler
                0x08001ff4                EXTI15_10_IRQHandler
                0x08001ff4                TIM7_IRQHandler
                0x08001ff4                TIM5_IRQHandler
                0x08001ff4                EXTI9_5_IRQHandler
                0x08001ff4                SPI2_IRQHandler
                0x08001ff4                USB_LP_CAN_RX0_IRQHandler
                0x08001ff4                DMA1_Channel5_IRQHandler
                0x08001ff4                EXTI4_IRQHandler
                0x08001ff4                DMA1_Channel3_IRQHandler
                0x08001ff4                FSMC_IRQHandler
                0x08001ff4                TIM1_UP_IRQHandler
                0x08001ff4                WWDG_IRQHandler
                0x08001ff4                TIM2_IRQHandler
                0x08001ff4                TIM1_BRK_IRQHandler
                0x08001ff4                EXTI1_IRQHandler
                0x08001ff4                RTCAlarm_IRQHandler
                0x08001ff4                DMA2_Channel4_5_IRQHandler
                0x08001ff4                I2C2_ER_IRQHandler
                0x08001ff4                DMA1_Channel2_IRQHandler
                0x08001ff4                TIM8_BRK_IRQHandler
                0x08001ff4                FLASH_IRQHandler
                0x08001ff4                SPI3_IRQHandler
                0x08001ff4                I2C1_ER_IRQHandler
                0x08001ff4                DMA2_Channel3_IRQHandler
 *fill*         0x08001ff6        0x2 
 .text.sprintf  0x08001ff8       0x40 D:/KhanhTV6/installer/Stm32_cube_mx/STM32CubeIDE_1.17.0/STM32CubeIDE/plugins/com.st.stm32cube.ide.mcu.externaltools.gnu-tools-for-stm32.12.3.rel1.win32_1.1.0.202410251130/tools/bin/../lib/gcc/arm-none-eabi/12.3.1/../../../../arm-none-eabi/lib/thumb/v7-m/nofp\libc_nano.a(libc_a-sprintf.o)
                0x08001ff8                siprintf
                0x08001ff8                sprintf
 .text.__errno  0x08002038        0xc D:/KhanhTV6/installer/Stm32_cube_mx/STM32CubeIDE_1.17.0/STM32CubeIDE/plugins/com.st.stm32cube.ide.mcu.externaltools.gnu-tools-for-stm32.12.3.rel1.win32_1.1.0.202410251130/tools/bin/../lib/gcc/arm-none-eabi/12.3.1/../../../../arm-none-eabi/lib/thumb/v7-m/nofp\libc_nano.a(libc_a-errno.o)
                0x08002038                __errno
 .text.__libc_init_array
                0x08002044       0x48 D:/KhanhTV6/installer/Stm32_cube_mx/STM32CubeIDE_1.17.0/STM32CubeIDE/plugins/com.st.stm32cube.ide.mcu.externaltools.gnu-tools-for-stm32.12.3.rel1.win32_1.1.0.202410251130/tools/bin/../lib/gcc/arm-none-eabi/12.3.1/../../../../arm-none-eabi/lib/thumb/v7-m/nofp\libc_nano.a(libc_a-init.o)
                0x08002044                __libc_init_array
 .text.__retarget_lock_acquire_recursive
                0x0800208c        0x2 D:/KhanhTV6/installer/Stm32_cube_mx/STM32CubeIDE_1.17.0/STM32CubeIDE/plugins/com.st.stm32cube.ide.mcu.externaltools.gnu-tools-for-stm32.12.3.rel1.win32_1.1.0.202410251130/tools/bin/../lib/gcc/arm-none-eabi/12.3.1/../../../../arm-none-eabi/lib/thumb/v7-m/nofp\libc_nano.a(libc_a-lock.o)
                0x0800208c                __retarget_lock_acquire_recursive
 .text.__retarget_lock_release_recursive
                0x0800208e        0x2 D:/KhanhTV6/installer/Stm32_cube_mx/STM32CubeIDE_1.17.0/STM32CubeIDE/plugins/com.st.stm32cube.ide.mcu.externaltools.gnu-tools-for-stm32.12.3.rel1.win32_1.1.0.202410251130/tools/bin/../lib/gcc/arm-none-eabi/12.3.1/../../../../arm-none-eabi/lib/thumb/v7-m/nofp\libc_nano.a(libc_a-lock.o)
                0x0800208e                __retarget_lock_release_recursive
 .text._free_r  0x08002090       0x90 D:/KhanhTV6/installer/Stm32_cube_mx/STM32CubeIDE_1.17.0/STM32CubeIDE/plugins/com.st.stm32cube.ide.mcu.externaltools.gnu-tools-for-stm32.12.3.rel1.win32_1.1.0.202410251130/tools/bin/../lib/gcc/arm-none-eabi/12.3.1/../../../../arm-none-eabi/lib/thumb/v7-m/nofp\libc_nano.a(libc_a-freer.o)
                0x08002090                _free_r
 .text.sbrk_aligned
                0x08002120       0x44 D:/KhanhTV6/installer/Stm32_cube_mx/STM32CubeIDE_1.17.0/STM32CubeIDE/plugins/com.st.stm32cube.ide.mcu.externaltools.gnu-tools-for-stm32.12.3.rel1.win32_1.1.0.202410251130/tools/bin/../lib/gcc/arm-none-eabi/12.3.1/../../../../arm-none-eabi/lib/thumb/v7-m/nofp\libc_nano.a(libc_a-mallocr.o)
 .text._malloc_r
                0x08002164      0x100 D:/KhanhTV6/installer/Stm32_cube_mx/STM32CubeIDE_1.17.0/STM32CubeIDE/plugins/com.st.stm32cube.ide.mcu.externaltools.gnu-tools-for-stm32.12.3.rel1.win32_1.1.0.202410251130/tools/bin/../lib/gcc/arm-none-eabi/12.3.1/../../../../arm-none-eabi/lib/thumb/v7-m/nofp\libc_nano.a(libc_a-mallocr.o)
                0x08002164                _malloc_r
 .text.__malloc_lock
                0x08002264        0xc D:/KhanhTV6/installer/Stm32_cube_mx/STM32CubeIDE_1.17.0/STM32CubeIDE/plugins/com.st.stm32cube.ide.mcu.externaltools.gnu-tools-for-stm32.12.3.rel1.win32_1.1.0.202410251130/tools/bin/../lib/gcc/arm-none-eabi/12.3.1/../../../../arm-none-eabi/lib/thumb/v7-m/nofp\libc_nano.a(libc_a-mlock.o)
                0x08002264                __malloc_lock
 .text.__malloc_unlock
                0x08002270        0xc D:/KhanhTV6/installer/Stm32_cube_mx/STM32CubeIDE_1.17.0/STM32CubeIDE/plugins/com.st.stm32cube.ide.mcu.externaltools.gnu-tools-for-stm32.12.3.rel1.win32_1.1.0.202410251130/tools/bin/../lib/gcc/arm-none-eabi/12.3.1/../../../../arm-none-eabi/lib/thumb/v7-m/nofp\libc_nano.a(libc_a-mlock.o)
                0x08002270                __malloc_unlock
 .text.__ssputs_r
                0x0800227c       0xb6 D:/KhanhTV6/installer/Stm32_cube_mx/STM32CubeIDE_1.17.0/STM32CubeIDE/plugins/com.st.stm32cube.ide.mcu.externaltools.gnu-tools-for-stm32.12.3.rel1.win32_1.1.0.202410251130/tools/bin/../lib/gcc/arm-none-eabi/12.3.1/../../../../arm-none-eabi/lib/thumb/v7-m/nofp\libc_nano.a(libc_a-nano-svfprintf.o)
                0x0800227c                __ssputs_r
 *fill*         0x08002332        0x2 
 .text._svfprintf_r
                0x08002334      0x1f8 D:/KhanhTV6/installer/Stm32_cube_mx/STM32CubeIDE_1.17.0/STM32CubeIDE/plugins/com.st.stm32cube.ide.mcu.externaltools.gnu-tools-for-stm32.12.3.rel1.win32_1.1.0.202410251130/tools/bin/../lib/gcc/arm-none-eabi/12.3.1/../../../../arm-none-eabi/lib/thumb/v7-m/nofp\libc_nano.a(libc_a-nano-svfprintf.o)
                0x08002334                _svfiprintf_r
                0x08002334                _svfprintf_r
 .text._printf_common
                0x0800252c       0xe4 D:/KhanhTV6/installer/Stm32_cube_mx/STM32CubeIDE_1.17.0/STM32CubeIDE/plugins/com.st.stm32cube.ide.mcu.externaltools.gnu-tools-for-stm32.12.3.rel1.win32_1.1.0.202410251130/tools/bin/../lib/gcc/arm-none-eabi/12.3.1/../../../../arm-none-eabi/lib/thumb/v7-m/nofp\libc_nano.a(libc_a-nano-vfprintf_i.o)
                0x0800252c                _printf_common
 .text._printf_i
                0x08002610      0x240 D:/KhanhTV6/installer/Stm32_cube_mx/STM32CubeIDE_1.17.0/STM32CubeIDE/plugins/com.st.stm32cube.ide.mcu.externaltools.gnu-tools-for-stm32.12.3.rel1.win32_1.1.0.202410251130/tools/bin/../lib/gcc/arm-none-eabi/12.3.1/../../../../arm-none-eabi/lib/thumb/v7-m/nofp\libc_nano.a(libc_a-nano-vfprintf_i.o)
                0x08002610                _printf_i
 .text.memmove  0x08002850       0x34 D:/KhanhTV6/installer/Stm32_cube_mx/STM32CubeIDE_1.17.0/STM32CubeIDE/plugins/com.st.stm32cube.ide.mcu.externaltools.gnu-tools-for-stm32.12.3.rel1.win32_1.1.0.202410251130/tools/bin/../lib/gcc/arm-none-eabi/12.3.1/../../../../arm-none-eabi/lib/thumb/v7-m/nofp\libc_nano.a(libc_a-memmove.o)
                0x08002850                memmove
 .text._sbrk_r  0x08002884       0x20 D:/KhanhTV6/installer/Stm32_cube_mx/STM32CubeIDE_1.17.0/STM32CubeIDE/plugins/com.st.stm32cube.ide.mcu.externaltools.gnu-tools-for-stm32.12.3.rel1.win32_1.1.0.202410251130/tools/bin/../lib/gcc/arm-none-eabi/12.3.1/../../../../arm-none-eabi/lib/thumb/v7-m/nofp\libc_nano.a(libc_a-sbrkr.o)
                0x08002884                _sbrk_r
 .text.memchr   0x080028a4       0x1c D:/KhanhTV6/installer/Stm32_cube_mx/STM32CubeIDE_1.17.0/STM32CubeIDE/plugins/com.st.stm32cube.ide.mcu.externaltools.gnu-tools-for-stm32.12.3.rel1.win32_1.1.0.202410251130/tools/bin/../lib/gcc/arm-none-eabi/12.3.1/../../../../arm-none-eabi/lib/thumb/v7-m/nofp\libc_nano.a(libc_a-memchr-stub.o)
                0x080028a4                memchr
 .text.memcpy   0x080028c0       0x1c D:/KhanhTV6/installer/Stm32_cube_mx/STM32CubeIDE_1.17.0/STM32CubeIDE/plugins/com.st.stm32cube.ide.mcu.externaltools.gnu-tools-for-stm32.12.3.rel1.win32_1.1.0.202410251130/tools/bin/../lib/gcc/arm-none-eabi/12.3.1/../../../../arm-none-eabi/lib/thumb/v7-m/nofp\libc_nano.a(libc_a-memcpy-stub.o)
                0x080028c0                memcpy
 .text._realloc_r
                0x080028dc       0x5c D:/KhanhTV6/installer/Stm32_cube_mx/STM32CubeIDE_1.17.0/STM32CubeIDE/plugins/com.st.stm32cube.ide.mcu.externaltools.gnu-tools-for-stm32.12.3.rel1.win32_1.1.0.202410251130/tools/bin/../lib/gcc/arm-none-eabi/12.3.1/../../../../arm-none-eabi/lib/thumb/v7-m/nofp\libc_nano.a(libc_a-reallocr.o)
                0x080028dc                _realloc_r
 .text._malloc_usable_size_r
                0x08002938       0x10 D:/KhanhTV6/installer/Stm32_cube_mx/STM32CubeIDE_1.17.0/STM32CubeIDE/plugins/com.st.stm32cube.ide.mcu.externaltools.gnu-tools-for-stm32.12.3.rel1.win32_1.1.0.202410251130/tools/bin/../lib/gcc/arm-none-eabi/12.3.1/../../../../arm-none-eabi/lib/thumb/v7-m/nofp\libc_nano.a(libc_a-msizer.o)
                0x08002938                _malloc_usable_size_r
 *(.glue_7)
 .glue_7        0x08002948        0x0 linker stubs
 *(.glue_7t)
 .glue_7t       0x08002948        0x0 linker stubs
 *(.eh_frame)
 .eh_frame      0x08002948        0x0 D:/KhanhTV6/installer/Stm32_cube_mx/STM32CubeIDE_1.17.0/STM32CubeIDE/plugins/com.st.stm32cube.ide.mcu.externaltools.gnu-tools-for-stm32.12.3.rel1.win32_1.1.0.202410251130/tools/bin/../lib/gcc/arm-none-eabi/12.3.1/thumb/v7-m/nofp/crtbegin.o
 *(.init)
 .init          0x08002948        0x4 D:/KhanhTV6/installer/Stm32_cube_mx/STM32CubeIDE_1.17.0/STM32CubeIDE/plugins/com.st.stm32cube.ide.mcu.externaltools.gnu-tools-for-stm32.12.3.rel1.win32_1.1.0.202410251130/tools/bin/../lib/gcc/arm-none-eabi/12.3.1/thumb/v7-m/nofp/crti.o
                0x08002948                _init
 .init          0x0800294c        0x8 D:/KhanhTV6/installer/Stm32_cube_mx/STM32CubeIDE_1.17.0/STM32CubeIDE/plugins/com.st.stm32cube.ide.mcu.externaltools.gnu-tools-for-stm32.12.3.rel1.win32_1.1.0.202410251130/tools/bin/../lib/gcc/arm-none-eabi/12.3.1/thumb/v7-m/nofp/crtn.o
 *(.fini)
 .fini          0x08002954        0x4 D:/KhanhTV6/installer/Stm32_cube_mx/STM32CubeIDE_1.17.0/STM32CubeIDE/plugins/com.st.stm32cube.ide.mcu.externaltools.gnu-tools-for-stm32.12.3.rel1.win32_1.1.0.202410251130/tools/bin/../lib/gcc/arm-none-eabi/12.3.1/thumb/v7-m/nofp/crti.o
                0x08002954                _fini
 .fini          0x08002958        0x8 D:/KhanhTV6/installer/Stm32_cube_mx/STM32CubeIDE_1.17.0/STM32CubeIDE/plugins/com.st.stm32cube.ide.mcu.externaltools.gnu-tools-for-stm32.12.3.rel1.win32_1.1.0.202410251130/tools/bin/../lib/gcc/arm-none-eabi/12.3.1/thumb/v7-m/nofp/crtn.o
                0x08002960                        . = ALIGN (0x4)
                0x08002960                        _etext = .

.vfp11_veneer   0x08002960        0x0
 .vfp11_veneer  0x08002960        0x0 linker stubs

.v4_bx          0x08002960        0x0
 .v4_bx         0x08002960        0x0 linker stubs

.iplt           0x08002960        0x0
 .iplt          0x08002960        0x0 D:/KhanhTV6/installer/Stm32_cube_mx/STM32CubeIDE_1.17.0/STM32CubeIDE/plugins/com.st.stm32cube.ide.mcu.externaltools.gnu-tools-for-stm32.12.3.rel1.win32_1.1.0.202410251130/tools/bin/../lib/gcc/arm-none-eabi/12.3.1/thumb/v7-m/nofp/crtbegin.o

.rodata         0x08002960       0xac
                0x08002960                        . = ALIGN (0x4)
 *(.rodata)
 .rodata        0x08002960       0x73 ./App/RTC/RTC.o
 *fill*         0x080029d3        0x1 
 .rodata        0x080029d4        0x4 ./Midderware/src/Gpio_midderware.o
 *(.rodata*)
 .rodata._svfprintf_r.str1.1
                0x080029d8       0x11 D:/KhanhTV6/installer/Stm32_cube_mx/STM32CubeIDE_1.17.0/STM32CubeIDE/plugins/com.st.stm32cube.ide.mcu.externaltools.gnu-tools-for-stm32.12.3.rel1.win32_1.1.0.202410251130/tools/bin/../lib/gcc/arm-none-eabi/12.3.1/../../../../arm-none-eabi/lib/thumb/v7-m/nofp\libc_nano.a(libc_a-nano-svfprintf.o)
 .rodata._printf_i.str1.1
                0x080029e9       0x22 D:/KhanhTV6/installer/Stm32_cube_mx/STM32CubeIDE_1.17.0/STM32CubeIDE/plugins/com.st.stm32cube.ide.mcu.externaltools.gnu-tools-for-stm32.12.3.rel1.win32_1.1.0.202410251130/tools/bin/../lib/gcc/arm-none-eabi/12.3.1/../../../../arm-none-eabi/lib/thumb/v7-m/nofp\libc_nano.a(libc_a-nano-vfprintf_i.o)
                0x08002a0c                        . = ALIGN (0x4)
 *fill*         0x08002a0b        0x1 

.rel.dyn        0x08002a0c        0x0
 .rel.iplt      0x08002a0c        0x0 D:/KhanhTV6/installer/Stm32_cube_mx/STM32CubeIDE_1.17.0/STM32CubeIDE/plugins/com.st.stm32cube.ide.mcu.externaltools.gnu-tools-for-stm32.12.3.rel1.win32_1.1.0.202410251130/tools/bin/../lib/gcc/arm-none-eabi/12.3.1/thumb/v7-m/nofp/crtbegin.o

.ARM.extab      0x08002a0c        0x0
                0x08002a0c                        . = ALIGN (0x4)
 *(.ARM.extab* .gnu.linkonce.armextab.*)
                0x08002a0c                        . = ALIGN (0x4)

.ARM            0x08002a0c        0x0
                0x08002a0c                        . = ALIGN (0x4)
                0x08002a0c                        __exidx_start = .
 *(.ARM.exidx*)
                0x08002a0c                        __exidx_end = .
                0x08002a0c                        . = ALIGN (0x4)

.preinit_array  0x08002a0c        0x0
                0x08002a0c                        . = ALIGN (0x4)
                0x08002a0c                        PROVIDE (__preinit_array_start = .)
 *(.preinit_array*)
                0x08002a0c                        PROVIDE (__preinit_array_end = .)
                0x08002a0c                        . = ALIGN (0x4)

.init_array     0x08002a0c        0x4
                0x08002a0c                        . = ALIGN (0x4)
                0x08002a0c                        PROVIDE (__init_array_start = .)
 *(SORT_BY_NAME(.init_array.*))
 *(.init_array*)
 .init_array    0x08002a0c        0x4 D:/KhanhTV6/installer/Stm32_cube_mx/STM32CubeIDE_1.17.0/STM32CubeIDE/plugins/com.st.stm32cube.ide.mcu.externaltools.gnu-tools-for-stm32.12.3.rel1.win32_1.1.0.202410251130/tools/bin/../lib/gcc/arm-none-eabi/12.3.1/thumb/v7-m/nofp/crtbegin.o
                0x08002a10                        PROVIDE (__init_array_end = .)
                0x08002a10                        . = ALIGN (0x4)

.fini_array     0x08002a10        0x4
                0x08002a10                        . = ALIGN (0x4)
                [!provide]                        PROVIDE (__fini_array_start = .)
 *(SORT_BY_NAME(.fini_array.*))
 *(.fini_array*)
 .fini_array    0x08002a10        0x4 D:/KhanhTV6/installer/Stm32_cube_mx/STM32CubeIDE_1.17.0/STM32CubeIDE/plugins/com.st.stm32cube.ide.mcu.externaltools.gnu-tools-for-stm32.12.3.rel1.win32_1.1.0.202410251130/tools/bin/../lib/gcc/arm-none-eabi/12.3.1/thumb/v7-m/nofp/crtbegin.o
                [!provide]                        PROVIDE (__fini_array_end = .)
                0x08002a14                        . = ALIGN (0x4)
                0x08002a14                        _sidata = LOADADDR (.data)

.data           0x20000000       0x90 load address 0x08002a14
                0x20000000                        . = ALIGN (0x4)
                0x20000000                        _sdata = .
 *(.data)
 *(.data*)
 .data.DAYS_OF_WEEK
                0x20000000       0x1c ./App/RTC/RTC.o
                0x20000000                DAYS_OF_WEEK
 .data.APBAHBPrescTable
                0x2000001c       0x10 ./Drivers/src/stm32f10x_rcc.o
 .data.ADCPrescTable
                0x2000002c        0x4 ./Drivers/src/stm32f10x_rcc.o
 .data.Timeout  0x20000030        0x2 ./Midderware/src/I2c_dma_midderware.o
                0x20000030                Timeout
 *fill*         0x20000032        0x2 
 .data.DefaultValue
                0x20000034        0x7 ./Src/main.o
                0x20000034                DefaultValue
 *fill*         0x2000003b        0x1 
 .data.SystemCoreClock
                0x2000003c        0x4 ./Src/system_stm32f10x.o
                0x2000003c                SystemCoreClock
 .data._impure_ptr
                0x20000040        0x4 D:/KhanhTV6/installer/Stm32_cube_mx/STM32CubeIDE_1.17.0/STM32CubeIDE/plugins/com.st.stm32cube.ide.mcu.externaltools.gnu-tools-for-stm32.12.3.rel1.win32_1.1.0.202410251130/tools/bin/../lib/gcc/arm-none-eabi/12.3.1/../../../../arm-none-eabi/lib/thumb/v7-m/nofp\libc_nano.a(libc_a-impure.o)
                0x20000040                _impure_ptr
 .data._impure_data
                0x20000044       0x4c D:/KhanhTV6/installer/Stm32_cube_mx/STM32CubeIDE_1.17.0/STM32CubeIDE/plugins/com.st.stm32cube.ide.mcu.externaltools.gnu-tools-for-stm32.12.3.rel1.win32_1.1.0.202410251130/tools/bin/../lib/gcc/arm-none-eabi/12.3.1/../../../../arm-none-eabi/lib/thumb/v7-m/nofp\libc_nano.a(libc_a-impure.o)
                0x20000044                _impure_data
 *(.RamFunc)
 *(.RamFunc*)
                0x20000090                        . = ALIGN (0x4)
                0x20000090                        _edata = .

.igot.plt       0x20000090        0x0 load address 0x08002aa4
 .igot.plt      0x20000090        0x0 D:/KhanhTV6/installer/Stm32_cube_mx/STM32CubeIDE_1.17.0/STM32CubeIDE/plugins/com.st.stm32cube.ide.mcu.externaltools.gnu-tools-for-stm32.12.3.rel1.win32_1.1.0.202410251130/tools/bin/../lib/gcc/arm-none-eabi/12.3.1/thumb/v7-m/nofp/crtbegin.o
                0x20000090                        . = ALIGN (0x4)

.bss            0x20000090      0x278 load address 0x08002aa4
                0x20000090                        _sbss = .
                0x20000090                        __bss_start__ = _sbss
 *(.bss)
 .bss           0x20000090       0x1c D:/KhanhTV6/installer/Stm32_cube_mx/STM32CubeIDE_1.17.0/STM32CubeIDE/plugins/com.st.stm32cube.ide.mcu.externaltools.gnu-tools-for-stm32.12.3.rel1.win32_1.1.0.202410251130/tools/bin/../lib/gcc/arm-none-eabi/12.3.1/thumb/v7-m/nofp/crtbegin.o
 *(.bss*)
 .bss.date      0x200000ac        0x1 ./App/RTC/RTC.o
                0x200000ac                date
 .bss.month     0x200000ad        0x1 ./App/RTC/RTC.o
                0x200000ad                month
 .bss.year      0x200000ae        0x2 ./App/RTC/RTC.o
                0x200000ae                year
 .bss.dow       0x200000b0        0x1 ./App/RTC/RTC.o
                0x200000b0                dow
 .bss.hour      0x200000b1        0x1 ./App/RTC/RTC.o
                0x200000b1                hour
 .bss.minute    0x200000b2        0x1 ./App/RTC/RTC.o
                0x200000b2                minute
 .bss.second    0x200000b3        0x1 ./App/RTC/RTC.o
                0x200000b3                second
 .bss.zone_hr   0x200000b4        0x1 ./App/RTC/RTC.o
                0x200000b4                zone_hr
 .bss.zone_min  0x200000b5        0x1 ./App/RTC/RTC.o
                0x200000b5                zone_min
 *fill*         0x200000b6        0x2 
 .bss.buffer    0x200000b8       0x64 ./App/RTC/RTC.o
                0x200000b8                buffer
 .bss.buffer1   0x2000011c       0x64 ./App/RTC/RTC.o
                0x2000011c                buffer1
 .bss.DMA_InitStructure
                0x20000180       0x2c ./Midderware/src/Dma_midderware.o
                0x20000180                DMA_InitStructure
 .bss.TimingDelay
                0x200001ac        0x4 ./Midderware/src/I2c_Lcd.o
 .bss.DataReadPointer
                0x200001b0        0x4 ./Midderware/src/I2c_dma_midderware.o
                0x200001b0                DataReadPointer
 .bss.DataWritePointer
                0x200001b4        0x4 ./Midderware/src/I2c_dma_midderware.o
                0x200001b4                DataWritePointer
 .bss._ds1307_ui2c
                0x200001b8        0x4 ./Midderware/src/RTC_Ds1307.o
                0x200001b8                _ds1307_ui2c
 .bss.__sbrk_heap_end
                0x200001bc        0x4 ./Src/sysmem.o
 .bss.__sf      0x200001c0      0x138 D:/KhanhTV6/installer/Stm32_cube_mx/STM32CubeIDE_1.17.0/STM32CubeIDE/plugins/com.st.stm32cube.ide.mcu.externaltools.gnu-tools-for-stm32.12.3.rel1.win32_1.1.0.202410251130/tools/bin/../lib/gcc/arm-none-eabi/12.3.1/../../../../arm-none-eabi/lib/thumb/v7-m/nofp\libc_nano.a(libc_a-findfp.o)
                0x200001c0                __sf
 .bss.errno     0x200002f8        0x4 D:/KhanhTV6/installer/Stm32_cube_mx/STM32CubeIDE_1.17.0/STM32CubeIDE/plugins/com.st.stm32cube.ide.mcu.externaltools.gnu-tools-for-stm32.12.3.rel1.win32_1.1.0.202410251130/tools/bin/../lib/gcc/arm-none-eabi/12.3.1/../../../../arm-none-eabi/lib/thumb/v7-m/nofp\libc_nano.a(libc_a-reent.o)
                0x200002f8                errno
 .bss.__lock___malloc_recursive_mutex
                0x200002fc        0x1 D:/KhanhTV6/installer/Stm32_cube_mx/STM32CubeIDE_1.17.0/STM32CubeIDE/plugins/com.st.stm32cube.ide.mcu.externaltools.gnu-tools-for-stm32.12.3.rel1.win32_1.1.0.202410251130/tools/bin/../lib/gcc/arm-none-eabi/12.3.1/../../../../arm-none-eabi/lib/thumb/v7-m/nofp\libc_nano.a(libc_a-lock.o)
                0x200002fc                __lock___malloc_recursive_mutex
 *fill*         0x200002fd        0x3 
 .bss.__malloc_sbrk_start
                0x20000300        0x4 D:/KhanhTV6/installer/Stm32_cube_mx/STM32CubeIDE_1.17.0/STM32CubeIDE/plugins/com.st.stm32cube.ide.mcu.externaltools.gnu-tools-for-stm32.12.3.rel1.win32_1.1.0.202410251130/tools/bin/../lib/gcc/arm-none-eabi/12.3.1/../../../../arm-none-eabi/lib/thumb/v7-m/nofp\libc_nano.a(libc_a-mallocr.o)
                0x20000300                __malloc_sbrk_start
 .bss.__malloc_free_list
                0x20000304        0x4 D:/KhanhTV6/installer/Stm32_cube_mx/STM32CubeIDE_1.17.0/STM32CubeIDE/plugins/com.st.stm32cube.ide.mcu.externaltools.gnu-tools-for-stm32.12.3.rel1.win32_1.1.0.202410251130/tools/bin/../lib/gcc/arm-none-eabi/12.3.1/../../../../arm-none-eabi/lib/thumb/v7-m/nofp\libc_nano.a(libc_a-mallocr.o)
                0x20000304                __malloc_free_list
 *(COMMON)
                0x20000308                        . = ALIGN (0x4)
                0x20000308                        _ebss = .
                0x20000308                        __bss_end__ = _ebss

._user_heap_stack
                0x20000308      0x600 load address 0x08002aa4
                0x20000308                        . = ALIGN (0x8)
                [!provide]                        PROVIDE (end = .)
                0x20000308                        PROVIDE (_end = .)
                0x20000508                        . = (. + _Min_Heap_Size)
 *fill*         0x20000308      0x200 
                0x20000908                        . = (. + _Min_Stack_Size)
 *fill*         0x20000508      0x400 
                0x20000908                        . = ALIGN (0x8)

/DISCARD/
 libc.a(*)
 libm.a(*)
 libgcc.a(*)

.ARM.attributes
                0x00000000       0x29
 *(.ARM.attributes)
 .ARM.attributes
                0x00000000       0x1d D:/KhanhTV6/installer/Stm32_cube_mx/STM32CubeIDE_1.17.0/STM32CubeIDE/plugins/com.st.stm32cube.ide.mcu.externaltools.gnu-tools-for-stm32.12.3.rel1.win32_1.1.0.202410251130/tools/bin/../lib/gcc/arm-none-eabi/12.3.1/thumb/v7-m/nofp/crti.o
 .ARM.attributes
                0x0000001d       0x2d D:/KhanhTV6/installer/Stm32_cube_mx/STM32CubeIDE_1.17.0/STM32CubeIDE/plugins/com.st.stm32cube.ide.mcu.externaltools.gnu-tools-for-stm32.12.3.rel1.win32_1.1.0.202410251130/tools/bin/../lib/gcc/arm-none-eabi/12.3.1/thumb/v7-m/nofp/crtbegin.o
 .ARM.attributes
                0x0000004a       0x2d ./App/LCD/app.o
 .ARM.attributes
                0x00000077       0x2d ./App/RTC/RTC.o
 .ARM.attributes
                0x000000a4       0x2d ./Drivers/src/misc.o
 .ARM.attributes
                0x000000d1       0x2d ./Drivers/src/stm32f10x_dma.o
 .ARM.attributes
                0x000000fe       0x2d ./Drivers/src/stm32f10x_gpio.o
 .ARM.attributes
                0x0000012b       0x2d ./Drivers/src/stm32f10x_i2c.o
 .ARM.attributes
                0x00000158       0x2d ./Drivers/src/stm32f10x_rcc.o
 .ARM.attributes
                0x00000185       0x2d ./Interrupt/stm32f10x_it.o
 .ARM.attributes
                0x000001b2       0x2d ./Midderware/src/Dma_midderware.o
 .ARM.attributes
                0x000001df       0x2d ./Midderware/src/Gpio_midderware.o
 .ARM.attributes
                0x0000020c       0x2d ./Midderware/src/I2c_Lcd.o
 .ARM.attributes
                0x00000239       0x2d ./Midderware/src/I2c_dma_midderware.o
 .ARM.attributes
                0x00000266       0x2d ./Midderware/src/Nvic_midderware.o
 .ARM.attributes
                0x00000293       0x2d ./Midderware/src/RTC_Ds1307.o
 .ARM.attributes
                0x000002c0       0x2d ./Src/main.o
 .ARM.attributes
                0x000002ed       0x2d ./Src/sysmem.o
 .ARM.attributes
                0x0000031a       0x2d ./Src/system_stm32f10x.o
 .ARM.attributes
                0x00000347       0x21 ./Startup/startup_stm32f103c8tx.o
 .ARM.attributes
                0x00000368       0x2d D:/KhanhTV6/installer/Stm32_cube_mx/STM32CubeIDE_1.17.0/STM32CubeIDE/plugins/com.st.stm32cube.ide.mcu.externaltools.gnu-tools-for-stm32.12.3.rel1.win32_1.1.0.202410251130/tools/bin/../lib/gcc/arm-none-eabi/12.3.1/../../../../arm-none-eabi/lib/thumb/v7-m/nofp\libc_nano.a(libc_a-findfp.o)
 .ARM.attributes
                0x00000395       0x2d D:/KhanhTV6/installer/Stm32_cube_mx/STM32CubeIDE_1.17.0/STM32CubeIDE/plugins/com.st.stm32cube.ide.mcu.externaltools.gnu-tools-for-stm32.12.3.rel1.win32_1.1.0.202410251130/tools/bin/../lib/gcc/arm-none-eabi/12.3.1/../../../../arm-none-eabi/lib/thumb/v7-m/nofp\libc_nano.a(libc_a-sprintf.o)
 .ARM.attributes
                0x000003c2       0x2d D:/KhanhTV6/installer/Stm32_cube_mx/STM32CubeIDE_1.17.0/STM32CubeIDE/plugins/com.st.stm32cube.ide.mcu.externaltools.gnu-tools-for-stm32.12.3.rel1.win32_1.1.0.202410251130/tools/bin/../lib/gcc/arm-none-eabi/12.3.1/../../../../arm-none-eabi/lib/thumb/v7-m/nofp\libc_nano.a(libc_a-reent.o)
 .ARM.attributes
                0x000003ef       0x2d D:/KhanhTV6/installer/Stm32_cube_mx/STM32CubeIDE_1.17.0/STM32CubeIDE/plugins/com.st.stm32cube.ide.mcu.externaltools.gnu-tools-for-stm32.12.3.rel1.win32_1.1.0.202410251130/tools/bin/../lib/gcc/arm-none-eabi/12.3.1/../../../../arm-none-eabi/lib/thumb/v7-m/nofp\libc_nano.a(libc_a-impure.o)
 .ARM.attributes
                0x0000041c       0x2d D:/KhanhTV6/installer/Stm32_cube_mx/STM32CubeIDE_1.17.0/STM32CubeIDE/plugins/com.st.stm32cube.ide.mcu.externaltools.gnu-tools-for-stm32.12.3.rel1.win32_1.1.0.202410251130/tools/bin/../lib/gcc/arm-none-eabi/12.3.1/../../../../arm-none-eabi/lib/thumb/v7-m/nofp\libc_nano.a(libc_a-errno.o)
 .ARM.attributes
                0x00000449       0x2d D:/KhanhTV6/installer/Stm32_cube_mx/STM32CubeIDE_1.17.0/STM32CubeIDE/plugins/com.st.stm32cube.ide.mcu.externaltools.gnu-tools-for-stm32.12.3.rel1.win32_1.1.0.202410251130/tools/bin/../lib/gcc/arm-none-eabi/12.3.1/../../../../arm-none-eabi/lib/thumb/v7-m/nofp\libc_nano.a(libc_a-init.o)
 .ARM.attributes
                0x00000476       0x2d D:/KhanhTV6/installer/Stm32_cube_mx/STM32CubeIDE_1.17.0/STM32CubeIDE/plugins/com.st.stm32cube.ide.mcu.externaltools.gnu-tools-for-stm32.12.3.rel1.win32_1.1.0.202410251130/tools/bin/../lib/gcc/arm-none-eabi/12.3.1/../../../../arm-none-eabi/lib/thumb/v7-m/nofp\libc_nano.a(libc_a-lock.o)
 .ARM.attributes
                0x000004a3       0x2d D:/KhanhTV6/installer/Stm32_cube_mx/STM32CubeIDE_1.17.0/STM32CubeIDE/plugins/com.st.stm32cube.ide.mcu.externaltools.gnu-tools-for-stm32.12.3.rel1.win32_1.1.0.202410251130/tools/bin/../lib/gcc/arm-none-eabi/12.3.1/../../../../arm-none-eabi/lib/thumb/v7-m/nofp\libc_nano.a(libc_a-freer.o)
 .ARM.attributes
                0x000004d0       0x2d D:/KhanhTV6/installer/Stm32_cube_mx/STM32CubeIDE_1.17.0/STM32CubeIDE/plugins/com.st.stm32cube.ide.mcu.externaltools.gnu-tools-for-stm32.12.3.rel1.win32_1.1.0.202410251130/tools/bin/../lib/gcc/arm-none-eabi/12.3.1/../../../../arm-none-eabi/lib/thumb/v7-m/nofp\libc_nano.a(libc_a-mallocr.o)
 .ARM.attributes
                0x000004fd       0x2d D:/KhanhTV6/installer/Stm32_cube_mx/STM32CubeIDE_1.17.0/STM32CubeIDE/plugins/com.st.stm32cube.ide.mcu.externaltools.gnu-tools-for-stm32.12.3.rel1.win32_1.1.0.202410251130/tools/bin/../lib/gcc/arm-none-eabi/12.3.1/../../../../arm-none-eabi/lib/thumb/v7-m/nofp\libc_nano.a(libc_a-mlock.o)
 .ARM.attributes
                0x0000052a       0x2d D:/KhanhTV6/installer/Stm32_cube_mx/STM32CubeIDE_1.17.0/STM32CubeIDE/plugins/com.st.stm32cube.ide.mcu.externaltools.gnu-tools-for-stm32.12.3.rel1.win32_1.1.0.202410251130/tools/bin/../lib/gcc/arm-none-eabi/12.3.1/../../../../arm-none-eabi/lib/thumb/v7-m/nofp\libc_nano.a(libc_a-nano-svfprintf.o)
 .ARM.attributes
                0x00000557       0x2d D:/KhanhTV6/installer/Stm32_cube_mx/STM32CubeIDE_1.17.0/STM32CubeIDE/plugins/com.st.stm32cube.ide.mcu.externaltools.gnu-tools-for-stm32.12.3.rel1.win32_1.1.0.202410251130/tools/bin/../lib/gcc/arm-none-eabi/12.3.1/../../../../arm-none-eabi/lib/thumb/v7-m/nofp\libc_nano.a(libc_a-nano-vfprintf_i.o)
 .ARM.attributes
                0x00000584       0x2d D:/KhanhTV6/installer/Stm32_cube_mx/STM32CubeIDE_1.17.0/STM32CubeIDE/plugins/com.st.stm32cube.ide.mcu.externaltools.gnu-tools-for-stm32.12.3.rel1.win32_1.1.0.202410251130/tools/bin/../lib/gcc/arm-none-eabi/12.3.1/../../../../arm-none-eabi/lib/thumb/v7-m/nofp\libc_nano.a(libc_a-memmove.o)
 .ARM.attributes
                0x000005b1       0x2d D:/KhanhTV6/installer/Stm32_cube_mx/STM32CubeIDE_1.17.0/STM32CubeIDE/plugins/com.st.stm32cube.ide.mcu.externaltools.gnu-tools-for-stm32.12.3.rel1.win32_1.1.0.202410251130/tools/bin/../lib/gcc/arm-none-eabi/12.3.1/../../../../arm-none-eabi/lib/thumb/v7-m/nofp\libc_nano.a(libc_a-sbrkr.o)
 .ARM.attributes
                0x000005de       0x2d D:/KhanhTV6/installer/Stm32_cube_mx/STM32CubeIDE_1.17.0/STM32CubeIDE/plugins/com.st.stm32cube.ide.mcu.externaltools.gnu-tools-for-stm32.12.3.rel1.win32_1.1.0.202410251130/tools/bin/../lib/gcc/arm-none-eabi/12.3.1/../../../../arm-none-eabi/lib/thumb/v7-m/nofp\libc_nano.a(libc_a-memchr-stub.o)
 .ARM.attributes
                0x0000060b       0x2d D:/KhanhTV6/installer/Stm32_cube_mx/STM32CubeIDE_1.17.0/STM32CubeIDE/plugins/com.st.stm32cube.ide.mcu.externaltools.gnu-tools-for-stm32.12.3.rel1.win32_1.1.0.202410251130/tools/bin/../lib/gcc/arm-none-eabi/12.3.1/../../../../arm-none-eabi/lib/thumb/v7-m/nofp\libc_nano.a(libc_a-memcpy-stub.o)
 .ARM.attributes
                0x00000638       0x2d D:/KhanhTV6/installer/Stm32_cube_mx/STM32CubeIDE_1.17.0/STM32CubeIDE/plugins/com.st.stm32cube.ide.mcu.externaltools.gnu-tools-for-stm32.12.3.rel1.win32_1.1.0.202410251130/tools/bin/../lib/gcc/arm-none-eabi/12.3.1/../../../../arm-none-eabi/lib/thumb/v7-m/nofp\libc_nano.a(libc_a-reallocr.o)
 .ARM.attributes
                0x00000665       0x2d D:/KhanhTV6/installer/Stm32_cube_mx/STM32CubeIDE_1.17.0/STM32CubeIDE/plugins/com.st.stm32cube.ide.mcu.externaltools.gnu-tools-for-stm32.12.3.rel1.win32_1.1.0.202410251130/tools/bin/../lib/gcc/arm-none-eabi/12.3.1/../../../../arm-none-eabi/lib/thumb/v7-m/nofp\libc_nano.a(libc_a-msizer.o)
 .ARM.attributes
                0x00000692       0x1d D:/KhanhTV6/installer/Stm32_cube_mx/STM32CubeIDE_1.17.0/STM32CubeIDE/plugins/com.st.stm32cube.ide.mcu.externaltools.gnu-tools-for-stm32.12.3.rel1.win32_1.1.0.202410251130/tools/bin/../lib/gcc/arm-none-eabi/12.3.1/thumb/v7-m/nofp/crtn.o
OUTPUT(Lcd_I2c_dma.elf elf32-littlearm)
LOAD linker stubs
LOAD D:/KhanhTV6/installer/Stm32_cube_mx/STM32CubeIDE_1.17.0/STM32CubeIDE/plugins/com.st.stm32cube.ide.mcu.externaltools.gnu-tools-for-stm32.12.3.rel1.win32_1.1.0.202410251130/tools/bin/../lib/gcc/arm-none-eabi/12.3.1/../../../../arm-none-eabi/lib/thumb/v7-m/nofp\libc.a
LOAD D:/KhanhTV6/installer/Stm32_cube_mx/STM32CubeIDE_1.17.0/STM32CubeIDE/plugins/com.st.stm32cube.ide.mcu.externaltools.gnu-tools-for-stm32.12.3.rel1.win32_1.1.0.202410251130/tools/bin/../lib/gcc/arm-none-eabi/12.3.1/../../../../arm-none-eabi/lib/thumb/v7-m/nofp\libm.a
LOAD D:/KhanhTV6/installer/Stm32_cube_mx/STM32CubeIDE_1.17.0/STM32CubeIDE/plugins/com.st.stm32cube.ide.mcu.externaltools.gnu-tools-for-stm32.12.3.rel1.win32_1.1.0.202410251130/tools/bin/../lib/gcc/arm-none-eabi/12.3.1/thumb/v7-m/nofp\libgcc.a

.debug_info     0x00000000     0x5234
 .debug_info    0x00000000      0x588 ./App/LCD/app.o
 .debug_info    0x00000588      0x489 ./App/RTC/RTC.o
 .debug_info    0x00000a11      0x4d8 ./Drivers/src/misc.o
 .debug_info    0x00000ee9      0x436 ./Drivers/src/stm32f10x_dma.o
 .debug_info    0x0000131f      0x6da ./Drivers/src/stm32f10x_gpio.o
 .debug_info    0x000019f9      0xaf5 ./Drivers/src/stm32f10x_i2c.o
 .debug_info    0x000024ee      0x858 ./Drivers/src/stm32f10x_rcc.o
 .debug_info    0x00002d46      0x3f0 ./Interrupt/stm32f10x_it.o
 .debug_info    0x00003136      0x241 ./Midderware/src/Dma_midderware.o
 .debug_info    0x00003377      0x3ef ./Midderware/src/Gpio_midderware.o
 .debug_info    0x00003766      0x3ae ./Midderware/src/I2c_Lcd.o
 .debug_info    0x00003b14      0x70e ./Midderware/src/I2c_dma_midderware.o
 .debug_info    0x00004222      0x277 ./Midderware/src/Nvic_midderware.o
 .debug_info    0x00004499      0x61f ./Midderware/src/RTC_Ds1307.o
 .debug_info    0x00004ab8      0x1c2 ./Src/main.o
 .debug_info    0x00004c7a      0x168 ./Src/sysmem.o
 .debug_info    0x00004de2      0x422 ./Src/system_stm32f10x.o
 .debug_info    0x00005204       0x30 ./Startup/startup_stm32f103c8tx.o

.debug_abbrev   0x00000000     0x1bb1
 .debug_abbrev  0x00000000      0x222 ./App/LCD/app.o
 .debug_abbrev  0x00000222      0x16b ./App/RTC/RTC.o
 .debug_abbrev  0x0000038d      0x18e ./Drivers/src/misc.o
 .debug_abbrev  0x0000051b      0x197 ./Drivers/src/stm32f10x_dma.o
 .debug_abbrev  0x000006b2      0x217 ./Drivers/src/stm32f10x_gpio.o
 .debug_abbrev  0x000008c9      0x1c1 ./Drivers/src/stm32f10x_i2c.o
 .debug_abbrev  0x00000a8a      0x1e3 ./Drivers/src/stm32f10x_rcc.o
 .debug_abbrev  0x00000c6d      0x195 ./Interrupt/stm32f10x_it.o
 .debug_abbrev  0x00000e02      0x145 ./Midderware/src/Dma_midderware.o
 .debug_abbrev  0x00000f47      0x18f ./Midderware/src/Gpio_midderware.o
 .debug_abbrev  0x000010d6      0x1ba ./Midderware/src/I2c_Lcd.o
 .debug_abbrev  0x00001290      0x272 ./Midderware/src/I2c_dma_midderware.o
 .debug_abbrev  0x00001502       0xf4 ./Midderware/src/Nvic_midderware.o
 .debug_abbrev  0x000015f6      0x1ed ./Midderware/src/RTC_Ds1307.o
 .debug_abbrev  0x000017e3      0x135 ./Src/main.o
 .debug_abbrev  0x00001918       0xbc ./Src/sysmem.o
 .debug_abbrev  0x000019d4      0x1b9 ./Src/system_stm32f10x.o
 .debug_abbrev  0x00001b8d       0x24 ./Startup/startup_stm32f103c8tx.o

.debug_aranges  0x00000000      0x728
 .debug_aranges
                0x00000000       0x38 ./App/LCD/app.o
 .debug_aranges
                0x00000038       0x28 ./App/RTC/RTC.o
 .debug_aranges
                0x00000060       0x40 ./Drivers/src/misc.o
 .debug_aranges
                0x000000a0       0x70 ./Drivers/src/stm32f10x_dma.o
 .debug_aranges
                0x00000110       0xa8 ./Drivers/src/stm32f10x_gpio.o
 .debug_aranges
                0x000001b8      0x120 ./Drivers/src/stm32f10x_i2c.o
 .debug_aranges
                0x000002d8      0x118 ./Drivers/src/stm32f10x_rcc.o
 .debug_aranges
                0x000003f0       0x80 ./Interrupt/stm32f10x_it.o
 .debug_aranges
                0x00000470       0x28 ./Midderware/src/Dma_midderware.o
 .debug_aranges
                0x00000498       0x28 ./Midderware/src/Gpio_midderware.o
 .debug_aranges
                0x000004c0       0x60 ./Midderware/src/I2c_Lcd.o
 .debug_aranges
                0x00000520       0x60 ./Midderware/src/I2c_dma_midderware.o
 .debug_aranges
                0x00000580       0x20 ./Midderware/src/Nvic_midderware.o
 .debug_aranges
                0x000005a0       0xe8 ./Midderware/src/RTC_Ds1307.o
 .debug_aranges
                0x00000688       0x20 ./Src/main.o
 .debug_aranges
                0x000006a8       0x20 ./Src/sysmem.o
 .debug_aranges
                0x000006c8       0x38 ./Src/system_stm32f10x.o
 .debug_aranges
                0x00000700       0x28 ./Startup/startup_stm32f103c8tx.o

.debug_rnglists
                0x00000000      0x516
 .debug_rnglists
                0x00000000       0x25 ./App/LCD/app.o
 .debug_rnglists
                0x00000025       0x1a ./App/RTC/RTC.o
 .debug_rnglists
                0x0000003f       0x2c ./Drivers/src/misc.o
 .debug_rnglists
                0x0000006b       0x50 ./Drivers/src/stm32f10x_dma.o
 .debug_rnglists
                0x000000bb       0x7d ./Drivers/src/stm32f10x_gpio.o
 .debug_rnglists
                0x00000138       0xd4 ./Drivers/src/stm32f10x_i2c.o
 .debug_rnglists
                0x0000020c       0xce ./Drivers/src/stm32f10x_rcc.o
 .debug_rnglists
                0x000002da       0x5c ./Interrupt/stm32f10x_it.o
 .debug_rnglists
                0x00000336       0x1a ./Midderware/src/Dma_midderware.o
 .debug_rnglists
                0x00000350       0x1a ./Midderware/src/Gpio_midderware.o
 .debug_rnglists
                0x0000036a       0x43 ./Midderware/src/I2c_Lcd.o
 .debug_rnglists
                0x000003ad       0x47 ./Midderware/src/I2c_dma_midderware.o
 .debug_rnglists
                0x000003f4       0x13 ./Midderware/src/Nvic_midderware.o
 .debug_rnglists
                0x00000407       0xa9 ./Midderware/src/RTC_Ds1307.o
 .debug_rnglists
                0x000004b0       0x13 ./Src/main.o
 .debug_rnglists
                0x000004c3       0x13 ./Src/sysmem.o
 .debug_rnglists
                0x000004d6       0x27 ./Src/system_stm32f10x.o
 .debug_rnglists
                0x000004fd       0x19 ./Startup/startup_stm32f103c8tx.o

.debug_macro    0x00000000     0xd502
 .debug_macro   0x00000000      0x109 ./App/LCD/app.o
 .debug_macro   0x00000109      0xaba ./App/LCD/app.o
 .debug_macro   0x00000bc3       0x22 ./App/LCD/app.o
 .debug_macro   0x00000be5       0x8e ./App/LCD/app.o
 .debug_macro   0x00000c73       0x51 ./App/LCD/app.o
 .debug_macro   0x00000cc4      0x103 ./App/LCD/app.o
 .debug_macro   0x00000dc7       0x6a ./App/LCD/app.o
 .debug_macro   0x00000e31      0x1df ./App/LCD/app.o
 .debug_macro   0x00001010       0x56 ./App/LCD/app.o
 .debug_macro   0x00001066      0x6bd ./App/LCD/app.o
 .debug_macro   0x00001723     0x7def ./App/LCD/app.o
 .debug_macro   0x00009512      0x2a5 ./App/LCD/app.o
 .debug_macro   0x000097b7      0x3e2 ./App/LCD/app.o
 .debug_macro   0x00009b99       0x2e ./App/LCD/app.o
 .debug_macro   0x00009bc7       0x8a ./App/LCD/app.o
 .debug_macro   0x00009c51       0x28 ./App/LCD/app.o
 .debug_macro   0x00009c79      0x3ad ./App/LCD/app.o
 .debug_macro   0x0000a026       0x46 ./App/LCD/app.o
 .debug_macro   0x0000a06c      0x2b1 ./App/LCD/app.o
 .debug_macro   0x0000a31d       0x34 ./App/LCD/app.o
 .debug_macro   0x0000a351      0x113 ./App/RTC/RTC.o
 .debug_macro   0x0000a464       0x22 ./App/RTC/RTC.o
 .debug_macro   0x0000a486      0x69f ./App/RTC/RTC.o
 .debug_macro   0x0000ab25       0x58 ./App/RTC/RTC.o
 .debug_macro   0x0000ab7d       0xa0 ./Drivers/src/misc.o
 .debug_macro   0x0000ac1d       0x84 ./Drivers/src/misc.o
 .debug_macro   0x0000aca1       0xf7 ./Drivers/src/stm32f10x_dma.o
 .debug_macro   0x0000ad98      0x3a7 ./Drivers/src/stm32f10x_dma.o
 .debug_macro   0x0000b13f       0xf1 ./Drivers/src/stm32f10x_gpio.o
 .debug_macro   0x0000b230      0x175 ./Drivers/src/stm32f10x_i2c.o
 .debug_macro   0x0000b3a5      0x2ab ./Drivers/src/stm32f10x_i2c.o
 .debug_macro   0x0000b650      0x1b6 ./Drivers/src/stm32f10x_rcc.o
 .debug_macro   0x0000b806      0x3dc ./Drivers/src/stm32f10x_rcc.o
 .debug_macro   0x0000bbe2       0xfe ./Interrupt/stm32f10x_it.o
 .debug_macro   0x0000bce0      0x2ab ./Interrupt/stm32f10x_it.o
 .debug_macro   0x0000bf8b       0xb2 ./Midderware/src/Dma_midderware.o
 .debug_macro   0x0000c03d       0xb2 ./Midderware/src/Gpio_midderware.o
 .debug_macro   0x0000c0ef      0x1cc ./Midderware/src/I2c_Lcd.o
 .debug_macro   0x0000c2bb       0x5b ./Midderware/src/I2c_Lcd.o
 .debug_macro   0x0000c316       0x24 ./Midderware/src/I2c_Lcd.o
 .debug_macro   0x0000c33a       0x94 ./Midderware/src/I2c_Lcd.o
 .debug_macro   0x0000c3ce       0x43 ./Midderware/src/I2c_Lcd.o
 .debug_macro   0x0000c411       0x34 ./Midderware/src/I2c_Lcd.o
 .debug_macro   0x0000c445      0x189 ./Midderware/src/I2c_Lcd.o
 .debug_macro   0x0000c5ce       0x16 ./Midderware/src/I2c_Lcd.o
 .debug_macro   0x0000c5e4       0x43 ./Midderware/src/I2c_Lcd.o
 .debug_macro   0x0000c627       0x57 ./Midderware/src/I2c_Lcd.o
 .debug_macro   0x0000c67e       0x34 ./Midderware/src/I2c_Lcd.o
 .debug_macro   0x0000c6b2       0x10 ./Midderware/src/I2c_Lcd.o
 .debug_macro   0x0000c6c2       0x58 ./Midderware/src/I2c_Lcd.o
 .debug_macro   0x0000c71a       0x8e ./Midderware/src/I2c_Lcd.o
 .debug_macro   0x0000c7a8       0x1c ./Midderware/src/I2c_Lcd.o
 .debug_macro   0x0000c7c4      0x177 ./Midderware/src/I2c_Lcd.o
 .debug_macro   0x0000c93b      0x369 ./Midderware/src/I2c_Lcd.o
 .debug_macro   0x0000cca4       0x10 ./Midderware/src/I2c_Lcd.o
 .debug_macro   0x0000ccb4       0x35 ./Midderware/src/I2c_Lcd.o
 .debug_macro   0x0000cce9       0x20 ./Midderware/src/I2c_Lcd.o
 .debug_macro   0x0000cd09       0xfa ./Midderware/src/I2c_dma_midderware.o
 .debug_macro   0x0000ce03       0xa9 ./Midderware/src/Nvic_midderware.o
 .debug_macro   0x0000ceac      0x109 ./Midderware/src/RTC_Ds1307.o
 .debug_macro   0x0000cfb5      0x11c ./Src/main.o
 .debug_macro   0x0000d0d1       0x5e ./Src/main.o
 .debug_macro   0x0000d12f       0xff ./Src/sysmem.o
 .debug_macro   0x0000d22e      0x23c ./Src/sysmem.o
 .debug_macro   0x0000d46a       0x98 ./Src/system_stm32f10x.o

.debug_line     0x00000000     0x7a85
 .debug_line    0x00000000      0x640 ./App/LCD/app.o
 .debug_line    0x00000640      0x60d ./App/RTC/RTC.o
 .debug_line    0x00000c4d      0x594 ./Drivers/src/misc.o
 .debug_line    0x000011e1      0x75f ./Drivers/src/stm32f10x_dma.o
 .debug_line    0x00001940      0x89c ./Drivers/src/stm32f10x_gpio.o
 .debug_line    0x000021dc      0xa58 ./Drivers/src/stm32f10x_i2c.o
 .debug_line    0x00002c34      0xa58 ./Drivers/src/stm32f10x_rcc.o
 .debug_line    0x0000368c      0x6e8 ./Interrupt/stm32f10x_it.o
 .debug_line    0x00003d74      0x588 ./Midderware/src/Dma_midderware.o
 .debug_line    0x000042fc      0x58e ./Midderware/src/Gpio_midderware.o
 .debug_line    0x0000488a      0x886 ./Midderware/src/I2c_Lcd.o
 .debug_line    0x00005110      0x982 ./Midderware/src/I2c_dma_midderware.o
 .debug_line    0x00005a92      0x524 ./Midderware/src/Nvic_midderware.o
 .debug_line    0x00005fb6      0x876 ./Midderware/src/RTC_Ds1307.o
 .debug_line    0x0000682c      0x67c ./Src/main.o
 .debug_line    0x00006ea8      0x57a ./Src/sysmem.o
 .debug_line    0x00007422      0x5e8 ./Src/system_stm32f10x.o
 .debug_line    0x00007a0a       0x7b ./Startup/startup_stm32f103c8tx.o

.debug_str      0x00000000    0x408e0
 .debug_str     0x00000000    0x3a41f ./App/LCD/app.o
                              0x3a5cb (size before relaxing)
 .debug_str     0x0003a41f      0x3c9 ./App/RTC/RTC.o
                              0x3a58c (size before relaxing)
 .debug_str     0x0003a7e8      0x1ac ./Drivers/src/misc.o
                              0x32622 (size before relaxing)
 .debug_str     0x0003a994      0x6de ./Drivers/src/stm32f10x_dma.o
                              0x36770 (size before relaxing)
 .debug_str     0x0003b072      0x5b2 ./Drivers/src/stm32f10x_gpio.o
                              0x3609e (size before relaxing)
 .debug_str     0x0003b624      0x8c3 ./Drivers/src/stm32f10x_i2c.o
                              0x363a7 (size before relaxing)
 .debug_str     0x0003bee7      0xa99 ./Drivers/src/stm32f10x_rcc.o
                              0x349a7 (size before relaxing)
 .debug_str     0x0003c980      0x136 ./Interrupt/stm32f10x_it.o
                              0x3a40d (size before relaxing)
 .debug_str     0x0003cab6       0x5d ./Midderware/src/Dma_midderware.o
                              0x36313 (size before relaxing)
 .debug_str     0x0003cb13       0x61 ./Midderware/src/Gpio_midderware.o
                              0x35dc1 (size before relaxing)
 .debug_str     0x0003cb74     0x34c8 ./Midderware/src/I2c_Lcd.o
                              0x3d799 (size before relaxing)
 .debug_str     0x0004003c      0x108 ./Midderware/src/I2c_dma_midderware.o
                              0x3a5b1 (size before relaxing)
 .debug_str     0x00040144       0x37 ./Midderware/src/Nvic_midderware.o
                              0x3281f (size before relaxing)
 .debug_str     0x0004017b      0x192 ./Midderware/src/RTC_Ds1307.o
                              0x3a644 (size before relaxing)
 .debug_str     0x0004030d       0x13 ./Src/main.o
                              0x3a39c (size before relaxing)
 .debug_str     0x00040320      0x4d7 ./Src/sysmem.o
                               0x60ab (size before relaxing)
 .debug_str     0x000407f7       0xaa ./Src/system_stm32f10x.o
                              0x320ae (size before relaxing)
 .debug_str     0x000408a1       0x3f ./Startup/startup_stm32f103c8tx.o
                                 0x8d (size before relaxing)

.comment        0x00000000       0x43
 .comment       0x00000000       0x43 ./App/LCD/app.o
                                 0x44 (size before relaxing)
 .comment       0x00000043       0x44 ./App/RTC/RTC.o
 .comment       0x00000043       0x44 ./Drivers/src/misc.o
 .comment       0x00000043       0x44 ./Drivers/src/stm32f10x_dma.o
 .comment       0x00000043       0x44 ./Drivers/src/stm32f10x_gpio.o
 .comment       0x00000043       0x44 ./Drivers/src/stm32f10x_i2c.o
 .comment       0x00000043       0x44 ./Drivers/src/stm32f10x_rcc.o
 .comment       0x00000043       0x44 ./Interrupt/stm32f10x_it.o
 .comment       0x00000043       0x44 ./Midderware/src/Dma_midderware.o
 .comment       0x00000043       0x44 ./Midderware/src/Gpio_midderware.o
 .comment       0x00000043       0x44 ./Midderware/src/I2c_Lcd.o
 .comment       0x00000043       0x44 ./Midderware/src/I2c_dma_midderware.o
 .comment       0x00000043       0x44 ./Midderware/src/Nvic_midderware.o
 .comment       0x00000043       0x44 ./Midderware/src/RTC_Ds1307.o
 .comment       0x00000043       0x44 ./Src/main.o
 .comment       0x00000043       0x44 ./Src/sysmem.o
 .comment       0x00000043       0x44 ./Src/system_stm32f10x.o

.debug_frame    0x00000000     0x1f70
 .debug_frame   0x00000000       0x9c ./App/LCD/app.o
 .debug_frame   0x0000009c       0x5c ./App/RTC/RTC.o
 .debug_frame   0x000000f8       0xd8 ./Drivers/src/misc.o
 .debug_frame   0x000001d0      0x1c8 ./Drivers/src/stm32f10x_dma.o
 .debug_frame   0x00000398      0x2d0 ./Drivers/src/stm32f10x_gpio.o
 .debug_frame   0x00000668      0x530 ./Drivers/src/stm32f10x_i2c.o
 .debug_frame   0x00000b98      0x4f4 ./Drivers/src/stm32f10x_rcc.o
 .debug_frame   0x0000108c      0x184 ./Interrupt/stm32f10x_it.o
 .debug_frame   0x00001210       0x50 ./Midderware/src/Dma_midderware.o
 .debug_frame   0x00001260       0x58 ./Midderware/src/Gpio_midderware.o
 .debug_frame   0x000012b8      0x14c ./Midderware/src/I2c_Lcd.o
 .debug_frame   0x00001404      0x13c ./Midderware/src/I2c_dma_midderware.o
 .debug_frame   0x00001540       0x34 ./Midderware/src/Nvic_midderware.o
 .debug_frame   0x00001574      0x378 ./Midderware/src/RTC_Ds1307.o
 .debug_frame   0x000018ec       0x2c ./Src/main.o
 .debug_frame   0x00001918       0x34 ./Src/sysmem.o
 .debug_frame   0x0000194c       0x98 ./Src/system_stm32f10x.o
 .debug_frame   0x000019e4      0x144 D:/KhanhTV6/installer/Stm32_cube_mx/STM32CubeIDE_1.17.0/STM32CubeIDE/plugins/com.st.stm32cube.ide.mcu.externaltools.gnu-tools-for-stm32.12.3.rel1.win32_1.1.0.202410251130/tools/bin/../lib/gcc/arm-none-eabi/12.3.1/../../../../arm-none-eabi/lib/thumb/v7-m/nofp\libc_nano.a(libc_a-findfp.o)
 .debug_frame   0x00001b28       0x6c D:/KhanhTV6/installer/Stm32_cube_mx/STM32CubeIDE_1.17.0/STM32CubeIDE/plugins/com.st.stm32cube.ide.mcu.externaltools.gnu-tools-for-stm32.12.3.rel1.win32_1.1.0.202410251130/tools/bin/../lib/gcc/arm-none-eabi/12.3.1/../../../../arm-none-eabi/lib/thumb/v7-m/nofp\libc_nano.a(libc_a-sprintf.o)
 .debug_frame   0x00001b94       0x38 D:/KhanhTV6/installer/Stm32_cube_mx/STM32CubeIDE_1.17.0/STM32CubeIDE/plugins/com.st.stm32cube.ide.mcu.externaltools.gnu-tools-for-stm32.12.3.rel1.win32_1.1.0.202410251130/tools/bin/../lib/gcc/arm-none-eabi/12.3.1/../../../../arm-none-eabi/lib/thumb/v7-m/nofp\libc_nano.a(libc_a-reent.o)
 .debug_frame   0x00001bcc       0x20 D:/KhanhTV6/installer/Stm32_cube_mx/STM32CubeIDE_1.17.0/STM32CubeIDE/plugins/com.st.stm32cube.ide.mcu.externaltools.gnu-tools-for-stm32.12.3.rel1.win32_1.1.0.202410251130/tools/bin/../lib/gcc/arm-none-eabi/12.3.1/../../../../arm-none-eabi/lib/thumb/v7-m/nofp\libc_nano.a(libc_a-errno.o)
 .debug_frame   0x00001bec       0x2c D:/KhanhTV6/installer/Stm32_cube_mx/STM32CubeIDE_1.17.0/STM32CubeIDE/plugins/com.st.stm32cube.ide.mcu.externaltools.gnu-tools-for-stm32.12.3.rel1.win32_1.1.0.202410251130/tools/bin/../lib/gcc/arm-none-eabi/12.3.1/../../../../arm-none-eabi/lib/thumb/v7-m/nofp\libc_nano.a(libc_a-init.o)
 .debug_frame   0x00001c18       0xb0 D:/KhanhTV6/installer/Stm32_cube_mx/STM32CubeIDE_1.17.0/STM32CubeIDE/plugins/com.st.stm32cube.ide.mcu.externaltools.gnu-tools-for-stm32.12.3.rel1.win32_1.1.0.202410251130/tools/bin/../lib/gcc/arm-none-eabi/12.3.1/../../../../arm-none-eabi/lib/thumb/v7-m/nofp\libc_nano.a(libc_a-lock.o)
 .debug_frame   0x00001cc8       0x38 D:/KhanhTV6/installer/Stm32_cube_mx/STM32CubeIDE_1.17.0/STM32CubeIDE/plugins/com.st.stm32cube.ide.mcu.externaltools.gnu-tools-for-stm32.12.3.rel1.win32_1.1.0.202410251130/tools/bin/../lib/gcc/arm-none-eabi/12.3.1/../../../../arm-none-eabi/lib/thumb/v7-m/nofp\libc_nano.a(libc_a-freer.o)
 .debug_frame   0x00001d00       0x50 D:/KhanhTV6/installer/Stm32_cube_mx/STM32CubeIDE_1.17.0/STM32CubeIDE/plugins/com.st.stm32cube.ide.mcu.externaltools.gnu-tools-for-stm32.12.3.rel1.win32_1.1.0.202410251130/tools/bin/../lib/gcc/arm-none-eabi/12.3.1/../../../../arm-none-eabi/lib/thumb/v7-m/nofp\libc_nano.a(libc_a-mallocr.o)
 .debug_frame   0x00001d50       0x30 D:/KhanhTV6/installer/Stm32_cube_mx/STM32CubeIDE_1.17.0/STM32CubeIDE/plugins/com.st.stm32cube.ide.mcu.externaltools.gnu-tools-for-stm32.12.3.rel1.win32_1.1.0.202410251130/tools/bin/../lib/gcc/arm-none-eabi/12.3.1/../../../../arm-none-eabi/lib/thumb/v7-m/nofp\libc_nano.a(libc_a-mlock.o)
 .debug_frame   0x00001d80       0x90 D:/KhanhTV6/installer/Stm32_cube_mx/STM32CubeIDE_1.17.0/STM32CubeIDE/plugins/com.st.stm32cube.ide.mcu.externaltools.gnu-tools-for-stm32.12.3.rel1.win32_1.1.0.202410251130/tools/bin/../lib/gcc/arm-none-eabi/12.3.1/../../../../arm-none-eabi/lib/thumb/v7-m/nofp\libc_nano.a(libc_a-nano-svfprintf.o)
 .debug_frame   0x00001e10       0x60 D:/KhanhTV6/installer/Stm32_cube_mx/STM32CubeIDE_1.17.0/STM32CubeIDE/plugins/com.st.stm32cube.ide.mcu.externaltools.gnu-tools-for-stm32.12.3.rel1.win32_1.1.0.202410251130/tools/bin/../lib/gcc/arm-none-eabi/12.3.1/../../../../arm-none-eabi/lib/thumb/v7-m/nofp\libc_nano.a(libc_a-nano-vfprintf_i.o)
 .debug_frame   0x00001e70       0x28 D:/KhanhTV6/installer/Stm32_cube_mx/STM32CubeIDE_1.17.0/STM32CubeIDE/plugins/com.st.stm32cube.ide.mcu.externaltools.gnu-tools-for-stm32.12.3.rel1.win32_1.1.0.202410251130/tools/bin/../lib/gcc/arm-none-eabi/12.3.1/../../../../arm-none-eabi/lib/thumb/v7-m/nofp\libc_nano.a(libc_a-memmove.o)
 .debug_frame   0x00001e98       0x2c D:/KhanhTV6/installer/Stm32_cube_mx/STM32CubeIDE_1.17.0/STM32CubeIDE/plugins/com.st.stm32cube.ide.mcu.externaltools.gnu-tools-for-stm32.12.3.rel1.win32_1.1.0.202410251130/tools/bin/../lib/gcc/arm-none-eabi/12.3.1/../../../../arm-none-eabi/lib/thumb/v7-m/nofp\libc_nano.a(libc_a-sbrkr.o)
 .debug_frame   0x00001ec4       0x28 D:/KhanhTV6/installer/Stm32_cube_mx/STM32CubeIDE_1.17.0/STM32CubeIDE/plugins/com.st.stm32cube.ide.mcu.externaltools.gnu-tools-for-stm32.12.3.rel1.win32_1.1.0.202410251130/tools/bin/../lib/gcc/arm-none-eabi/12.3.1/../../../../arm-none-eabi/lib/thumb/v7-m/nofp\libc_nano.a(libc_a-memchr-stub.o)
 .debug_frame   0x00001eec       0x28 D:/KhanhTV6/installer/Stm32_cube_mx/STM32CubeIDE_1.17.0/STM32CubeIDE/plugins/com.st.stm32cube.ide.mcu.externaltools.gnu-tools-for-stm32.12.3.rel1.win32_1.1.0.202410251130/tools/bin/../lib/gcc/arm-none-eabi/12.3.1/../../../../arm-none-eabi/lib/thumb/v7-m/nofp\libc_nano.a(libc_a-memcpy-stub.o)
 .debug_frame   0x00001f14       0x3c D:/KhanhTV6/installer/Stm32_cube_mx/STM32CubeIDE_1.17.0/STM32CubeIDE/plugins/com.st.stm32cube.ide.mcu.externaltools.gnu-tools-for-stm32.12.3.rel1.win32_1.1.0.202410251130/tools/bin/../lib/gcc/arm-none-eabi/12.3.1/../../../../arm-none-eabi/lib/thumb/v7-m/nofp\libc_nano.a(libc_a-reallocr.o)
 .debug_frame   0x00001f50       0x20 D:/KhanhTV6/installer/Stm32_cube_mx/STM32CubeIDE_1.17.0/STM32CubeIDE/plugins/com.st.stm32cube.ide.mcu.externaltools.gnu-tools-for-stm32.12.3.rel1.win32_1.1.0.202410251130/tools/bin/../lib/gcc/arm-none-eabi/12.3.1/../../../../arm-none-eabi/lib/thumb/v7-m/nofp\libc_nano.a(libc_a-msizer.o)

.debug_line_str
                0x00000000       0x71
 .debug_line_str
                0x00000000       0x71 ./Startup/startup_stm32f103c8tx.o
