../Inc/core_cm3.h:1204:22:__enable_irq	4	static,ignoring_inline_asm
../Inc/core_cm3.h:1205:22:__disable_irq	4	static,ignoring_inline_asm
../Midderware/src/I2c_dma_midderware.c:14:13:I2C_DMA_LowLevel_Init	8	static
../Midderware/src/I2c_dma_midderware.c:39:6:I2c_Midderware_Init	24	static
../Midderware/src/I2c_dma_midderware.c:68:6:I2C_Read_Buffer	24	static
../Midderware/src/I2c_dma_midderware.c:151:6:I2C_write_Buffer	24	static
../Midderware/src/I2c_dma_midderware.c:225:6:I2C_write	24	static
../Midderware/src/I2c_dma_midderware.c:271:6:I2C_Read	32	static
../Midderware/src/I2c_dma_midderware.c:397:6:TIMEOUT_UserCallback	4	static
