../Midderware/src/RTC_Ds1307.c:15:6:DS1307_Init	16	static
../Midderware/src/RTC_Ds1307.c:24:6:DS1307_SetClockHalt	24	static
../Midderware/src/RTC_Ds1307.c:33:9:DS1307_GetClockHalt	8	static
../Midderware/src/RTC_Ds1307.c:42:6:DS1307_SetRegByte	32	static
../Midderware/src/RTC_Ds1307.c:52:9:DS1307_GetRegByte	32	static
../Midderware/src/RTC_Ds1307.c:62:6:DS1307_SetEnableSquareWave	24	static
../Midderware/src/RTC_Ds1307.c:72:6:DS1307_SetInterruptRate	24	static
../Midderware/src/RTC_Ds1307.c:82:9:DS1307_GetDayOfWeek	8	static
../Midderware/src/RTC_Ds1307.c:90:9:DS1307_GetDate	8	static
../Midderware/src/RTC_Ds1307.c:98:9:DS1307_GetMonth	8	static
../Midderware/src/RTC_Ds1307.c:106:10:DS1307_GetYear	16	static
../Midderware/src/RTC_Ds1307.c:115:9:DS1307_GetHour	8	static
../Midderware/src/RTC_Ds1307.c:123:9:DS1307_GetMinute	8	static
../Midderware/src/RTC_Ds1307.c:131:9:DS1307_GetSecond	8	static
../Midderware/src/RTC_Ds1307.c:140:8:DS1307_GetTimeZoneHour	8	static
../Midderware/src/RTC_Ds1307.c:149:9:DS1307_GetTimeZoneMin	8	static
../Midderware/src/RTC_Ds1307.c:157:6:DS1307_SetDayOfWeek	16	static
../Midderware/src/RTC_Ds1307.c:165:6:DS1307_SetDate	16	static
../Midderware/src/RTC_Ds1307.c:173:6:DS1307_SetMonth	16	static
../Midderware/src/RTC_Ds1307.c:181:6:DS1307_SetYear	16	static
../Midderware/src/RTC_Ds1307.c:190:6:DS1307_SetHour	16	static
../Midderware/src/RTC_Ds1307.c:198:6:DS1307_SetMinute	16	static
../Midderware/src/RTC_Ds1307.c:206:6:DS1307_SetSecond	24	static
../Midderware/src/RTC_Ds1307.c:217:6:DS1307_SetTimeZone	16	static
../Midderware/src/RTC_Ds1307.c:227:9:DS1307_DecodeBCD	16	static
../Midderware/src/RTC_Ds1307.c:236:9:DS1307_EncodeBCD	16	static
